Component: Arm Compiler for Embedded 6.19 Tool: armlink [5e73cb00]

==============================================================================

Section Cross References

    startup_stm32g431xx.o(STACK) refers (Special) to heapauxi.o(.text) for __use_two_region_memory
    startup_stm32g431xx.o(HEAP) refers (Special) to heapauxi.o(.text) for __use_two_region_memory
    startup_stm32g431xx.o(RESET) refers (Special) to heapauxi.o(.text) for __use_two_region_memory
    startup_stm32g431xx.o(RESET) refers to startup_stm32g431xx.o(STACK) for __initial_sp
    startup_stm32g431xx.o(RESET) refers to startup_stm32g431xx.o(.text) for Reset_Handler
    startup_stm32g431xx.o(RESET) refers to stm32g4xx_it.o(.text.NMI_Handler) for NMI_Handler
    startup_stm32g431xx.o(RESET) refers to stm32g4xx_it.o(.text.HardFault_Handler) for HardFault_Handler
    startup_stm32g431xx.o(RESET) refers to stm32g4xx_it.o(.text.MemManage_Handler) for MemManage_Handler
    startup_stm32g431xx.o(RESET) refers to stm32g4xx_it.o(.text.BusFault_Handler) for BusFault_Handler
    startup_stm32g431xx.o(RESET) refers to stm32g4xx_it.o(.text.UsageFault_Handler) for UsageFault_Handler
    startup_stm32g431xx.o(RESET) refers to stm32g4xx_it.o(.text.SVC_Handler) for SVC_Handler
    startup_stm32g431xx.o(RESET) refers to stm32g4xx_it.o(.text.DebugMon_Handler) for DebugMon_Handler
    startup_stm32g431xx.o(RESET) refers to stm32g4xx_it.o(.text.PendSV_Handler) for PendSV_Handler
    startup_stm32g431xx.o(RESET) refers to stm32g4xx_it.o(.text.SysTick_Handler) for SysTick_Handler
    startup_stm32g431xx.o(RESET) refers to stm32g4xx_it.o(.text.DMA1_Channel1_IRQHandler) for DMA1_Channel1_IRQHandler
    startup_stm32g431xx.o(.text) refers (Special) to heapauxi.o(.text) for __use_two_region_memory
    startup_stm32g431xx.o(.text) refers to system_stm32g4xx.o(.text.SystemInit) for SystemInit
    startup_stm32g431xx.o(.text) refers to __main.o(!!!main) for __main
    startup_stm32g431xx.o(.text) refers to startup_stm32g431xx.o(HEAP) for Heap_Mem
    startup_stm32g431xx.o(.text) refers to startup_stm32g431xx.o(STACK) for Stack_Mem
    lcd.o(.text.LCD_Fill) refers to lcd_init.o(.text.LCD_Address_Set) for LCD_Address_Set
    lcd.o(.text.LCD_Fill) refers to lcd_init.o(.text.LCD_WR_DATA) for LCD_WR_DATA
    lcd.o(.ARM.exidx.text.LCD_Fill) refers to lcd.o(.text.LCD_Fill) for [Anonymous Symbol]
    lcd.o(.text.LCD_DrawPoint) refers to lcd_init.o(.text.LCD_Address_Set) for LCD_Address_Set
    lcd.o(.text.LCD_DrawPoint) refers to lcd_init.o(.text.LCD_WR_DATA) for LCD_WR_DATA
    lcd.o(.ARM.exidx.text.LCD_DrawPoint) refers to lcd.o(.text.LCD_DrawPoint) for [Anonymous Symbol]
    lcd.o(.text.LCD_DrawLine) refers to lcd.o(.text.LCD_DrawPoint) for LCD_DrawPoint
    lcd.o(.ARM.exidx.text.LCD_DrawLine) refers to lcd.o(.text.LCD_DrawLine) for [Anonymous Symbol]
    lcd.o(.text.LCD_DrawRectangle) refers to lcd.o(.text.LCD_DrawLine) for LCD_DrawLine
    lcd.o(.ARM.exidx.text.LCD_DrawRectangle) refers to lcd.o(.text.LCD_DrawRectangle) for [Anonymous Symbol]
    lcd.o(.text.Draw_Circle) refers to lcd.o(.text.LCD_DrawPoint) for LCD_DrawPoint
    lcd.o(.ARM.exidx.text.Draw_Circle) refers to lcd.o(.text.Draw_Circle) for [Anonymous Symbol]
    lcd.o(.text.LCD_ShowChinese) refers to lcd.o(.text.LCD_ShowChinese12x12) for LCD_ShowChinese12x12
    lcd.o(.text.LCD_ShowChinese) refers to lcd.o(.text.LCD_ShowChinese16x16) for LCD_ShowChinese16x16
    lcd.o(.text.LCD_ShowChinese) refers to lcd.o(.text.LCD_ShowChinese24x24) for LCD_ShowChinese24x24
    lcd.o(.text.LCD_ShowChinese) refers to lcd.o(.text.LCD_ShowChinese32x32) for LCD_ShowChinese32x32
    lcd.o(.ARM.exidx.text.LCD_ShowChinese) refers to lcd.o(.text.LCD_ShowChinese) for [Anonymous Symbol]
    lcd.o(.text.LCD_ShowChinese12x12) refers to lcd.o(.rodata.tfont12) for tfont12
    lcd.o(.text.LCD_ShowChinese12x12) refers to lcd_init.o(.text.LCD_Address_Set) for LCD_Address_Set
    lcd.o(.text.LCD_ShowChinese12x12) refers to lcd_init.o(.text.LCD_WR_DATA) for LCD_WR_DATA
    lcd.o(.text.LCD_ShowChinese12x12) refers to lcd.o(.text.LCD_DrawPoint) for LCD_DrawPoint
    lcd.o(.ARM.exidx.text.LCD_ShowChinese12x12) refers to lcd.o(.text.LCD_ShowChinese12x12) for [Anonymous Symbol]
    lcd.o(.text.LCD_ShowChinese16x16) refers to lcd.o(.rodata.tfont16) for tfont16
    lcd.o(.text.LCD_ShowChinese16x16) refers to lcd_init.o(.text.LCD_Address_Set) for LCD_Address_Set
    lcd.o(.text.LCD_ShowChinese16x16) refers to lcd_init.o(.text.LCD_WR_DATA) for LCD_WR_DATA
    lcd.o(.text.LCD_ShowChinese16x16) refers to lcd.o(.text.LCD_DrawPoint) for LCD_DrawPoint
    lcd.o(.ARM.exidx.text.LCD_ShowChinese16x16) refers to lcd.o(.text.LCD_ShowChinese16x16) for [Anonymous Symbol]
    lcd.o(.text.LCD_ShowChinese24x24) refers to lcd.o(.rodata.tfont24) for tfont24
    lcd.o(.text.LCD_ShowChinese24x24) refers to lcd_init.o(.text.LCD_Address_Set) for LCD_Address_Set
    lcd.o(.text.LCD_ShowChinese24x24) refers to lcd_init.o(.text.LCD_WR_DATA) for LCD_WR_DATA
[...]
    Removing stm32g4xx_hal_cortex.o(.ARM.exidx.text.HAL_MPU_ConfigRegion), (8 bytes).
    Removing stm32g4xx_hal_tim.o(.text), (0 bytes).
    Removing stm32g4xx_hal_tim_ex.o(.text), (0 bytes).
    Removing system_stm32g4xx.o(.text), (0 bytes).
    Removing system_stm32g4xx.o(.ARM.exidx.text.SystemInit), (8 bytes).
    Removing system_stm32g4xx.o(.text.SystemCoreClockUpdate), (256 bytes).
    Removing system_stm32g4xx.o(.ARM.exidx.text.SystemCoreClockUpdate), (8 bytes).
    Removing system_stm32g4xx.o(.rodata.APBPrescTable), (8 bytes).

663 unused section(s) (total 65290 bytes) removed from the image.

==============================================================================

Image Symbol Table

    Local Symbols

    Symbol Name                              Value     Ov Type        Size  Object(Section)

    ../clib/angel/boardlib.s                 0x00000000   Number         0  boardinit1.o ABSOLUTE
    ../clib/angel/boardlib.s                 0x00000000   Number         0  boardinit2.o ABSOLUTE
    ../clib/angel/boardlib.s                 0x00000000   Number         0  boardinit3.o ABSOLUTE
    ../clib/angel/boardlib.s                 0x00000000   Number         0  boardshut.o ABSOLUTE
    ../clib/angel/handlers.s                 0x00000000   Number         0  __scatter_copy.o ABSOLUTE
    ../clib/angel/handlers.s                 0x00000000   Number         0  __scatter_zi.o ABSOLUTE
    ../clib/angel/kernel.s                   0x00000000   Number         0  __rtentry.o ABSOLUTE
    ../clib/angel/kernel.s                   0x00000000   Number         0  __rtentry2.o ABSOLUTE
    ../clib/angel/kernel.s                   0x00000000   Number         0  __rtentry4.o ABSOLUTE
    ../clib/angel/kernel.s                   0x00000000   Number         0  rtexit.o ABSOLUTE
    ../clib/angel/kernel.s                   0x00000000   Number         0  rtexit2.o ABSOLUTE
    ../clib/angel/rt.s                       0x00000000   Number         0  rt_errno_addr.o ABSOLUTE
    ../clib/angel/rt.s                       0x00000000   Number         0  rt_errno_addr_intlibspace.o ABSOLUTE
    ../clib/angel/rt.s                       0x00000000   Number         0  rt_raise.o ABSOLUTE
    ../clib/angel/scatter.s                  0x00000000   Number         0  __scatter.o ABSOLUTE
    ../clib/angel/startup.s                  0x00000000   Number         0  __main.o ABSOLUTE
    ../clib/angel/sys.s                      0x00000000   Number         0  libspace.o ABSOLUTE
    ../clib/angel/sys.s                      0x00000000   Number         0  sys_stackheap_outer.o ABSOLUTE
    ../clib/angel/sys.s                      0x00000000   Number         0  use_no_semi.o ABSOLUTE
    ../clib/angel/sys.s                      0x00000000   Number         0  indicate_semi.o ABSOLUTE
    ../clib/angel/sysapp.c                   0x00000000   Number         0  sys_exit.o ABSOLUTE
    ../clib/angel/sysapp.c                   0x00000000   Number         0  sys_exit_hlt.o ABSOLUTE
    ../clib/angel/sysapp.c                   0x00000000   Number         0  sys_command.o ABSOLUTE
    ../clib/angel/sysapp.c                   0x00000000   Number         0  sys_command_hlt.o ABSOLUTE
    ../clib/angel/sysapp.c                   0x00000000   Number         0  sys_wrch.o ABSOLUTE
    ../clib/angel/sysapp.c                   0x00000000   Number         0  sys_wrch_hlt.o ABSOLUTE
    ../clib/armsys.c                         0x00000000   Number         0  argv_veneer.o ABSOLUTE
    ../clib/armsys.c                         0x00000000   Number         0  argv_veneer.o ABSOLUTE
    ../clib/armsys.c                         0x00000000   Number         0  _get_argv_nomalloc.o ABSOLUTE
    ../clib/armsys.c                         0x00000000   Number         0  no_argv.o ABSOLUTE
    ../clib/fenv.c                           0x00000000   Number         0  _rserrno.o ABSOLUTE
    ../clib/heapalloc.c                      0x00000000   Number         0  hrguard.o ABSOLUTE
    ../clib/heapaux.c                        0x00000000   Number         0  heapauxi.o ABSOLUTE
    ../clib/libinit.s                        0x00000000   Number         0  libinit.o ABSOLUTE
    ../clib/libinit.s                        0x00000000   Number         0  libinit2.o ABSOLUTE
    ../clib/libinit.s                        0x00000000   Number         0  libshutdown.o ABSOLUTE
    ../clib/libinit.s                        0x00000000   Number         0  libshutdown2.o ABSOLUTE
    ../clib/memcpset.s                       0x00000000   Number         0  rt_memclr_w.o ABSOLUTE
    ../clib/signal.c                         0x00000000   Number         0  defsig_rtmem_outer.o ABSOLUTE
    ../clib/signal.c                         0x00000000   Number         0  defsig_rtmem_formal.o ABSOLUTE
    ../clib/signal.c                         0x00000000   Number         0  defsig_exit.o ABSOLUTE
    ../clib/signal.c                         0x00000000   Number         0  defsig_rtmem_inner.o ABSOLUTE
    ../clib/signal.c                         0x00000000   Number         0  __raise.o ABSOLUTE
    ../clib/signal.c                         0x00000000   Number         0  defsig_general.o ABSOLUTE
    ../clib/signal.c                         0x00000000   Number         0  defsig_abrt_inner.o ABSOLUTE
    ../clib/signal.c                         0x00000000   Number         0  defsig_fpe_inner.o ABSOLUTE
    ../clib/signal.c                         0x00000000   Number         0  defsig_rtred_inner.o ABSOLUTE
    ../clib/signal.c                         0x00000000   Number         0  defsig_stak_inner.o ABSOLUTE
    ../clib/signal.c                         0x00000000   Number         0  defsig_pvfn_inner.o ABSOLUTE
    ../clib/signal.c                         0x00000000   Number         0  defsig_cppl_inner.o ABSOLUTE
    ../clib/signal.c                         0x00000000   Number         0  defsig_segv_inner.o ABSOLUTE
    ../clib/signal.c                         0x00000000   Number         0  defsig_other.o ABSOLUTE
    ../clib/signal.s                         0x00000000   Number         0  defsig.o ABSOLUTE
    ../clib/stdlib.c                         0x00000000   Number         0  exit.o ABSOLUTE
    ../fplib/basic.s                         0x00000000   Number         0  basic.o ABSOLUTE
    ../fplib/d2f.s                           0x00000000   Number         0  d2f.o ABSOLUTE
    ../fplib/daddsub.s                       0x00000000   Number         0  daddsub_clz.o ABSOLUTE
    ../fplib/ddiv.s                          0x00000000   Number         0  ddiv.o ABSOLUTE
    ../fplib/dfix.s                          0x00000000   Number         0  dfix.o ABSOLUTE
    ../fplib/dflt.s                          0x00000000   Number         0  dflt_clz.o ABSOLUTE
    ../fplib/dmul.s                          0x00000000   Number         0  dmul.o ABSOLUTE
    ../fplib/dnaninf.s                       0x00000000   Number         0  dnaninf.o ABSOLUTE
    ../fplib/dretinf.s                       0x00000000   Number         0  dretinf.o ABSOLUTE
    ../fplib/f2d.s                           0x00000000   Number         0  f2d.o ABSOLUTE
    ../fplib/fnaninf.s                       0x00000000   Number         0  fnaninf.o ABSOLUTE
    ../fplib/fpinit.s                        0x00000000   Number         0  fpinit.o ABSOLUTE
    ../fplib/fretinf.s                       0x00000000   Number         0  fretinf.o ABSOLUTE
    ../fplib/usenofp.s                       0x00000000   Number         0  usenofp.o ABSOLUTE
    ../mathlib/cos.c                         0x00000000   Number         0  cos.o ABSOLUTE
    ../mathlib/cos_i.c                       0x00000000   Number         0  cos_i.o ABSOLUTE
    ../mathlib/dunder.c                      0x00000000   Number         0  dunder.o ABSOLUTE
    ../mathlib/fabs.c                        0x00000000   Number         0  fabs.o ABSOLUTE
    ../mathlib/fpclassify.c                  0x00000000   Number         0  fpclassify.o ABSOLUTE
    ../mathlib/poly.c                        0x00000000   Number         0  poly.o ABSOLUTE
    ../mathlib/rred.c                        0x00000000   Number         0  rred.o ABSOLUTE
    ../mathlib/sin.c                         0x00000000   Number         0  sin.o ABSOLUTE
    ../mathlib/sin_i.c                       0x00000000   Number         0  sin_i.o ABSOLUTE
    dc.s                                     0x00000000   Number         0  dc.o ABSOLUTE
    dma.c                                    0x00000000   Number         0  dma.o ABSOLUTE
    gpio.c                                   0x00000000   Number         0  gpio.o ABSOLUTE
    lcd.c                                    0x00000000   Number         0  lcd.o ABSOLUTE
    lcd_init.c                               0x00000000   Number         0  lcd_init.o ABSOLUTE
    main.c                                   0x00000000   Number         0  main.o ABSOLUTE
    spi.c                                    0x00000000   Number         0  spi.o ABSOLUTE
    startup_stm32g431xx.s                    0x00000000   Number         0  startup_stm32g431xx.o ABSOLUTE
    stm32g4xx_hal.c                          0x00000000   Number         0  stm32g4xx_hal.o ABSOLUTE
    stm32g4xx_hal_cortex.c                   0x00000000   Number         0  stm32g4xx_hal_cortex.o ABSOLUTE
    stm32g4xx_hal_dma.c                      0x00000000   Number         0  stm32g4xx_hal_dma.o ABSOLUTE
    stm32g4xx_hal_dma_ex.c                   0x00000000   Number         0  stm32g4xx_hal_dma_ex.o ABSOLUTE
    stm32g4xx_hal_exti.c                     0x00000000   Number         0  stm32g4xx_hal_exti.o ABSOLUTE
    stm32g4xx_hal_flash.c                    0x00000000   Number         0  stm32g4xx_hal_flash.o ABSOLUTE
    stm32g4xx_hal_flash_ex.c                 0x00000000   Number         0  stm32g4xx_hal_flash_ex.o ABSOLUTE
    stm32g4xx_hal_flash_ramfunc.c            0x00000000   Number         0  stm32g4xx_hal_flash_ramfunc.o ABSOLUTE
    stm32g4xx_hal_gpio.c                     0x00000000   Number         0  stm32g4xx_hal_gpio.o ABSOLUTE
    stm32g4xx_hal_msp.c                      0x00000000   Number         0  stm32g4xx_hal_msp.o ABSOLUTE
    stm32g4xx_hal_pwr.c                      0x00000000   Number         0  stm32g4xx_hal_pwr.o ABSOLUTE
    stm32g4xx_hal_pwr_ex.c                   0x00000000   Number         0  stm32g4xx_hal_pwr_ex.o ABSOLUTE
    stm32g4xx_hal_rcc.c                      0x00000000   Number         0  stm32g4xx_hal_rcc.o ABSOLUTE
    stm32g4xx_hal_rcc_ex.c                   0x00000000   Number         0  stm32g4xx_hal_rcc_ex.o ABSOLUTE
    stm32g4xx_hal_spi.c                      0x00000000   Number         0  stm32g4xx_hal_spi.o ABSOLUTE
    stm32g4xx_hal_spi_ex.c                   0x00000000   Number         0  stm32g4xx_hal_spi_ex.o ABSOLUTE
    stm32g4xx_hal_tim.c                      0x00000000   Number         0  stm32g4xx_hal_tim.o ABSOLUTE
    stm32g4xx_hal_tim_ex.c                   0x00000000   Number         0  stm32g4xx_hal_tim_ex.o ABSOLUTE
    stm32g4xx_it.c                           0x00000000   Number         0  stm32g4xx_it.o ABSOLUTE
    system_stm32g4xx.c                       0x00000000   Number         0  system_stm32g4xx.o ABSOLUTE
    zk.c                                     0x00000000   Number         0  zk.o ABSOLUTE
    RESET                                    0x08000000   Section      472  startup_stm32g431xx.o(RESET)
    !!!main                                  0x080001d8   Section        8  __main.o(!!!main)
    !!!scatter                               0x080001e0   Section       52  __scatter.o(!!!scatter)
    !!handler_copy                           0x08000214   Section       26  __scatter_copy.o(!!handler_copy)
    !!handler_zi                             0x08000230   Section       28  __scatter_zi.o(!!handler_zi)
    .ARM.Collect$$libinit$$00000000          0x0800024c   Section        2  libinit.o(.ARM.Collect$$libinit$$00000000)
    .ARM.Collect$$libinit$$00000001          0x0800024e   Section        4  libinit2.o(.ARM.Collect$$libinit$$00000001)
    .ARM.Collect$$libinit$$00000004          0x08000252   Section        0  libinit2.o(.ARM.Collect$$libinit$$00000004)
    .ARM.Collect$$libinit$$00000006          0x08000252   Section        0  libinit2.o(.ARM.Collect$$libinit$$00000006)
    .ARM.Collect$$libinit$$0000000C          0x08000252   Section        0  libinit2.o(.ARM.Collect$$libinit$$0000000C)
    .ARM.Collect$$libinit$$0000000E          0x08000252   Section        0  libinit2.o(.ARM.Collect$$libinit$$0000000E)
    .ARM.Collect$$libinit$$00000010          0x08000252   Section        0  libinit2.o(.ARM.Collect$$libinit$$00000010)
    .ARM.Collect$$libinit$$00000013          0x08000252   Section        0  libinit2.o(.ARM.Collect$$libinit$$00000013)
    .ARM.Collect$$libinit$$00000015          0x08000252   Section        0  libinit2.o(.ARM.Collect$$libinit$$00000015)
    .ARM.Collect$$libinit$$00000017          0x08000252   Section        0  libinit2.o(.ARM.Collect$$libinit$$00000017)
    .ARM.Collect$$libinit$$00000019          0x08000252   Section        0  libinit2.o(.ARM.Collect$$libinit$$00000019)
    .ARM.Collect$$libinit$$0000001B          0x08000252   Section        0  libinit2.o(.ARM.Collect$$libinit$$0000001B)
    .ARM.Collect$$libinit$$0000001D          0x08000252   Section        0  libinit2.o(.ARM.Collect$$libinit$$0000001D)
    .ARM.Collect$$libinit$$0000001F          0x08000252   Section        0  libinit2.o(.ARM.Collect$$libinit$$0000001F)
    .ARM.Collect$$libinit$$00000021          0x08000252   Section        0  libinit2.o(.ARM.Collect$$libinit$$00000021)
    .ARM.Collect$$libinit$$00000023          0x08000252   Section        0  libinit2.o(.ARM.Collect$$libinit$$00000023)
    .ARM.Collect$$libinit$$00000025          0x08000252   Section        0  libinit2.o(.ARM.Collect$$libinit$$00000025)
    .ARM.Collect$$libinit$$00000027          0x08000252   Section        0  libinit2.o(.ARM.Collect$$libinit$$00000027)
    .ARM.Collect$$libinit$$0000002E          0x08000252   Section        0  libinit2.o(.ARM.Collect$$libinit$$0000002E)
    .ARM.Collect$$libinit$$00000030          0x08000252   Section        0  libinit2.o(.ARM.Collect$$libinit$$00000030)
    .ARM.Collect$$libinit$$00000032          0x08000252   Section        0  libinit2.o(.ARM.Collect$$libinit$$00000032)
    .ARM.Collect$$libinit$$00000034          0x08000252   Section        0  libinit2.o(.ARM.Collect$$libinit$$00000034)
    .ARM.Collect$$libinit$$00000035          0x08000252   Section        2  libinit2.o(.ARM.Collect$$libinit$$00000035)
    .ARM.Collect$$libshutdown$$00000000      0x08000254   Section        2  libshutdown.o(.ARM.Collect$$libshutdown$$00000000)
    .ARM.Collect$$libshutdown$$00000002      0x08000256   Section        0  libshutdown2.o(.ARM.Collect$$libshutdown$$00000002)
    .ARM.Collect$$libshutdown$$00000004      0x08000256   Section        0  libshutdown2.o(.ARM.Collect$$libshutdown$$00000004)
    .ARM.Collect$$libshutdown$$00000007      0x08000256   Section        0  libshutdown2.o(.ARM.Collect$$libshutdown$$00000007)
    .ARM.Collect$$libshutdown$$0000000A      0x08000256   Section        0  libshutdown2.o(.ARM.Collect$$libshutdown$$0000000A)
    .ARM.Collect$$libshutdown$$0000000C      0x08000256   Section        0  libshutdown2.o(.ARM.Collect$$libshutdown$$0000000C)
    .ARM.Collect$$libshutdown$$0000000F      0x08000256   Section        0  libshutdown2.o(.ARM.Collect$$libshutdown$$0000000F)
    .ARM.Collect$$libshutdown$$00000010      0x08000256   Section        2  libshutdown2.o(.ARM.Collect$$libshutdown$$00000010)
    .ARM.Collect$$rtentry$$00000000          0x08000258   Section        0  __rtentry.o(.ARM.Collect$$rtentry$$00000000)
    .ARM.Collect$$rtentry$$00000002          0x08000258   Section        0  __rtentry2.o(.ARM.Collect$$rtentry$$00000002)
    .ARM.Collect$$rtentry$$00000004          0x08000258   Section        6  __rtentry4.o(.ARM.Collect$$rtentry$$00000004)
    .ARM.Collect$$rtentry$$00000009          0x0800025e   Section        0  __rtentry2.o(.ARM.Collect$$rtentry$$00000009)
    .ARM.Collect$$rtentry$$0000000A          0x0800025e   Section        4  __rtentry2.o(.ARM.Collect$$rtentry$$0000000A)
    .ARM.Collect$$rtentry$$0000000C          0x08000262   Section        0  __rtentry2.o(.ARM.Collect$$rtentry$$0000000C)
    .ARM.Collect$$rtentry$$0000000D          0x08000262   Section        8  __rtentry2.o(.ARM.Collect$$rtentry$$0000000D)
    .ARM.Collect$$rtexit$$00000000           0x0800026a   Section        2  rtexit.o(.ARM.Collect$$rtexit$$00000000)
    .ARM.Collect$$rtexit$$00000002           0x0800026c   Section        0  rtexit2.o(.ARM.Collect$$rtexit$$00000002)
    .ARM.Collect$$rtexit$$00000003           0x0800026c   Section        4  rtexit2.o(.ARM.Collect$$rtexit$$00000003)
    .ARM.Collect$$rtexit$$00000004           0x08000270   Section        6  rtexit2.o(.ARM.Collect$$rtexit$$00000004)
    $v0                                      0x08000278   Number         0  startup_stm32g431xx.o(.text)
    .text                                    0x08000278   Section       64  startup_stm32g431xx.o(.text)
    .text                                    0x080002b8   Section       78  rt_memclr_w.o(.text)
    .text                                    0x08000306   Section        0  heapauxi.o(.text)
    .text                                    0x0800030c   Section        0  _rserrno.o(.text)
    .text                                    0x08000324   Section        8  rt_errno_addr_intlibspace.o(.text)
    .text                                    0x0800032c   Section        8  libspace.o(.text)
    .text                                    0x08000334   Section       74  sys_stackheap_outer.o(.text)
    .text                                    0x0800037e   Section        0  exit.o(.text)
    .text                                    0x08000390   Section        0  sys_exit.o(.text)
    .text                                    0x0800039c   Section        2  use_no_semi.o(.text)
    .text                                    0x0800039e   Section        0  indicate_semi.o(.text)
    [Anonymous Symbol]                       0x080003a0   Section        0  stm32g4xx_it.o(.text.BusFault_Handler)
    [Anonymous Symbol]                       0x080003a4   Section        0  stm32g4xx_it.o(.text.DMA1_Channel1_IRQHandler)
    DMA_CalcDMAMUXChannelBaseAndMask         0x080003b5   Thumb Code   116  stm32g4xx_hal_dma.o(.text.DMA_CalcDMAMUXChannelBaseAndMask)
    [Anonymous Symbol]                       0x080003b4   Section        0  stm32g4xx_hal_dma.o(.text.DMA_CalcDMAMUXChannelBaseAndMask)
    DMA_CalcDMAMUXRequestGenBaseAndMask      0x08000429   Thumb Code    60  stm32g4xx_hal_dma.o(.text.DMA_CalcDMAMUXRequestGenBaseAndMask)
    [Anonymous Symbol]                       0x08000428   Section        0  stm32g4xx_hal_dma.o(.text.DMA_CalcDMAMUXRequestGenBaseAndMask)
    [Anonymous Symbol]                       0x08000464   Section        0  stm32g4xx_it.o(.text.DebugMon_Handler)
    [Anonymous Symbol]                       0x08000468   Section        0  main.o(.text.DrawClockFace)
    [Anonymous Symbol]                       0x080007d8   Section        0  main.o(.text.DrawHands)
    [Anonymous Symbol]                       0x08000e70   Section        0  lcd.o(.text.Draw_Circle)
    [Anonymous Symbol]                       0x08000fa8   Section        0  main.o(.text.Drawnum)
    [Anonymous Symbol]                       0x08001108   Section        0  main.o(.text.Error_Handler)
    [Anonymous Symbol]                       0x08001118   Section        0  stm32g4xx_hal_dma.o(.text.HAL_DMA_IRQHandler)
    [Anonymous Symbol]                       0x08001270   Section        0  stm32g4xx_hal_dma.o(.text.HAL_DMA_Init)
    [Anonymous Symbol]                       0x080013c8   Section        0  stm32g4xx_hal.o(.text.HAL_Delay)
    [Anonymous Symbol]                       0x0800140c   Section        0  stm32g4xx_hal_gpio.o(.text.HAL_GPIO_Init)
    [Anonymous Symbol]                       0x08001774   Section        0  stm32g4xx_hal_gpio.o(.text.HAL_GPIO_WritePin)
    [Anonymous Symbol]                       0x080017a0   Section        0  stm32g4xx_hal.o(.text.HAL_GetTick)
    [Anonymous Symbol]                       0x080017ac   Section        0  stm32g4xx_hal.o(.text.HAL_IncTick)
    [Anonymous Symbol]                       0x080017c8   Section        0  stm32g4xx_hal.o(.text.HAL_Init)
    [Anonymous Symbol]                       0x080017f8   Section        0  stm32g4xx_hal.o(.text.HAL_InitTick)
    [Anonymous Symbol]                       0x08001880   Section        0  stm32g4xx_hal_msp.o(.text.HAL_MspInit)
    [Anonymous Symbol]                       0x080018c8   Section        0  stm32g4xx_hal_cortex.o(.text.HAL_NVIC_EnableIRQ)
    [Anonymous Symbol]                       0x080018dc   Section        0  stm32g4xx_hal_cortex.o(.text.HAL_NVIC_SetPriority)
    [Anonymous Symbol]                       0x0800190c   Section        0  stm32g4xx_hal_cortex.o(.text.HAL_NVIC_SetPriorityGrouping)
    [Anonymous Symbol]                       0x0800191c   Section        0  stm32g4xx_hal_pwr_ex.o(.text.HAL_PWREx_ControlVoltageScaling)
    [Anonymous Symbol]                       0x08001ad0   Section        0  stm32g4xx_hal_pwr_ex.o(.text.HAL_PWREx_DisableUCPDDeadBattery)
    [Anonymous Symbol]                       0x08001ae4   Section        0  stm32g4xx_hal_rcc.o(.text.HAL_RCC_ClockConfig)
    [Anonymous Symbol]                       0x08001e0c   Section        0  stm32g4xx_hal_rcc.o(.text.HAL_RCC_GetSysClockFreq)
    [Anonymous Symbol]                       0x08001f08   Section        0  stm32g4xx_hal_rcc.o(.text.HAL_RCC_OscConfig)
    [Anonymous Symbol]                       0x080026c0   Section        0  stm32g4xx_hal_spi.o(.text.HAL_SPI_Init)
    [Anonymous Symbol]                       0x0800280c   Section        0  spi.o(.text.HAL_SPI_MspInit)
    [Anonymous Symbol]                       0x080028e0   Section        0  stm32g4xx_hal_spi.o(.text.HAL_SPI_Transmit)
    [Anonymous Symbol]                       0x08002bcc   Section        0  stm32g4xx_hal_cortex.o(.text.HAL_SYSTICK_Config)
    [Anonymous Symbol]                       0x08002bdc   Section        0  stm32g4xx_it.o(.text.HardFault_Handler)
    [Anonymous Symbol]                       0x08002be0   Section        0  lcd_init.o(.text.LCD_Address_Set)
    [Anonymous Symbol]                       0x08002c34   Section        0  lcd.o(.text.LCD_DrawLine)
    [Anonymous Symbol]                       0x08002d64   Section        0  lcd.o(.text.LCD_DrawPoint)
    [Anonymous Symbol]                       0x08002d90   Section        0  lcd.o(.text.LCD_Fill)
    [Anonymous Symbol]                       0x08002e20   Section        0  lcd_init.o(.text.LCD_Init)
    [Anonymous Symbol]                       0x08002fe0   Section        0  lcd.o(.text.LCD_ShowChar)
    [Anonymous Symbol]                       0x0800320c   Section        0  lcd.o(.text.LCD_ShowIntNum)
    [Anonymous Symbol]                       0x0800334c   Section        0  lcd_init.o(.text.LCD_WR_DATA)
    [Anonymous Symbol]                       0x08003368   Section        0  lcd_init.o(.text.LCD_WR_DATA8)
    [Anonymous Symbol]                       0x0800337c   Section        0  lcd_init.o(.text.LCD_WR_REG)
    [Anonymous Symbol]                       0x080033ac   Section        0  lcd_init.o(.text.LCD_Writ_Bus)
    [Anonymous Symbol]                       0x080033dc   Section        0  dma.o(.text.MX_DMA_Init)
    [Anonymous Symbol]                       0x08003434   Section        0  gpio.o(.text.MX_GPIO_Init)
    [Anonymous Symbol]                       0x080034ac   Section        0  spi.o(.text.MX_SPI1_Init)
    [Anonymous Symbol]                       0x08003504   Section        0  stm32g4xx_it.o(.text.MemManage_Handler)
    [Anonymous Symbol]                       0x08003508   Section        0  stm32g4xx_it.o(.text.NMI_Handler)
    NVIC_EncodePriority                      0x0800350d   Thumb Code   108  stm32g4xx_hal_cortex.o(.text.NVIC_EncodePriority)
    [Anonymous Symbol]                       0x0800350c   Section        0  stm32g4xx_hal_cortex.o(.text.NVIC_EncodePriority)
    [Anonymous Symbol]                       0x08003578   Section        0  stm32g4xx_it.o(.text.PendSV_Handler)
    RCC_GetSysClockFreqFromPLLSource         0x0800357d   Thumb Code   156  stm32g4xx_hal_rcc.o(.text.RCC_GetSysClockFreqFromPLLSource)
    [Anonymous Symbol]                       0x0800357c   Section        0  stm32g4xx_hal_rcc.o(.text.RCC_GetSysClockFreqFromPLLSource)
    [Anonymous Symbol]                       0x08003618   Section        0  spi.o(.text.SPI1_ReadWriteByte)
    SPI_EndRxTxTransaction                   0x08003641   Thumb Code   150  stm32g4xx_hal_spi.o(.text.SPI_EndRxTxTransaction)
    [Anonymous Symbol]                       0x08003640   Section        0  stm32g4xx_hal_spi.o(.text.SPI_EndRxTxTransaction)
    SPI_WaitFifoStateUntilTimeout            0x080036d9   Thumb Code   332  stm32g4xx_hal_spi.o(.text.SPI_WaitFifoStateUntilTimeout)
    [Anonymous Symbol]                       0x080036d8   Section        0  stm32g4xx_hal_spi.o(.text.SPI_WaitFifoStateUntilTimeout)
    SPI_WaitFlagStateUntilTimeout            0x08003825   Thumb Code   298  stm32g4xx_hal_spi.o(.text.SPI_WaitFlagStateUntilTimeout)
    [Anonymous Symbol]                       0x08003824   Section        0  stm32g4xx_hal_spi.o(.text.SPI_WaitFlagStateUntilTimeout)
    [Anonymous Symbol]                       0x08003950   Section        0  stm32g4xx_it.o(.text.SVC_Handler)
    SysTick_Config                           0x08003955   Thumb Code    82  stm32g4xx_hal_cortex.o(.text.SysTick_Config)
    [Anonymous Symbol]                       0x08003954   Section        0  stm32g4xx_hal_cortex.o(.text.SysTick_Config)
    [Anonymous Symbol]                       0x080039a8   Section        0  stm32g4xx_it.o(.text.SysTick_Handler)
    [Anonymous Symbol]                       0x08003abc   Section        0  main.o(.text.SystemClock_Config)
    [Anonymous Symbol]                       0x08003b30   Section        0  system_stm32g4xx.o(.text.SystemInit)
    [Anonymous Symbol]                       0x08003b44   Section        0  stm32g4xx_it.o(.text.UsageFault_Handler)
    __NVIC_EnableIRQ                         0x08003b49   Thumb Code    48  stm32g4xx_hal_cortex.o(.text.__NVIC_EnableIRQ)
    [Anonymous Symbol]                       0x08003b48   Section        0  stm32g4xx_hal_cortex.o(.text.__NVIC_EnableIRQ)
    __NVIC_GetPriorityGrouping               0x08003b79   Thumb Code    16  stm32g4xx_hal_cortex.o(.text.__NVIC_GetPriorityGrouping)
    [Anonymous Symbol]                       0x08003b78   Section        0  stm32g4xx_hal_cortex.o(.text.__NVIC_GetPriorityGrouping)
    __NVIC_SetPriority                       0x08003b89   Thumb Code    66  stm32g4xx_hal_cortex.o(.text.__NVIC_SetPriority)
    [Anonymous Symbol]                       0x08003b88   Section        0  stm32g4xx_hal_cortex.o(.text.__NVIC_SetPriority)
    __NVIC_SetPriorityGrouping               0x08003bcd   Thumb Code    60  stm32g4xx_hal_cortex.o(.text.__NVIC_SetPriorityGrouping)
    [Anonymous Symbol]                       0x08003bcc   Section        0  stm32g4xx_hal_cortex.o(.text.__NVIC_SetPriorityGrouping)
    [Anonymous Symbol]                       0x08003c08   Section        0  main.o(.text.main)
    [Anonymous Symbol]                       0x08003cbc   Section        0  lcd.o(.text.mypow)
    i.__ARM_fpclassify                       0x08003cec   Section        0  fpclassify.o(i.__ARM_fpclassify)
    i.__hardfp_cos                           0x08003d20   Section        0  cos.o(i.__hardfp_cos)
    i.__hardfp_sin                           0x08003de8   Section        0  sin.o(i.__hardfp_sin)
    i.__ieee754_rem_pio2                     0x08003eb0   Section        0  rred.o(i.__ieee754_rem_pio2)
    i.__kernel_cos                           0x080042e8   Section        0  cos_i.o(i.__kernel_cos)
    i.__kernel_poly                          0x08004458   Section        0  poly.o(i.__kernel_poly)
    i.__kernel_sin                           0x08004550   Section        0  sin_i.o(i.__kernel_sin)
    i.__mathlib_dbl_infnan                   0x08004680   Section        0  dunder.o(i.__mathlib_dbl_infnan)
    i.__mathlib_dbl_invalid                  0x08004698   Section        0  dunder.o(i.__mathlib_dbl_invalid)
    i.__mathlib_dbl_underflow                0x080046b8   Section        0  dunder.o(i.__mathlib_dbl_underflow)
    i.fabs                                   0x080046d8   Section        0  fabs.o(i.fabs)
    $v0                                      0x080046f0   Number         0  basic.o(x$fpl$basic)
    x$fpl$basic                              0x080046f0   Section       24  basic.o(x$fpl$basic)
    $v0                                      0x08004708   Number         0  d2f.o(x$fpl$d2f)
    x$fpl$d2f                                0x08004708   Section       98  d2f.o(x$fpl$d2f)
    $v0                                      0x0800476c   Number         0  daddsub_clz.o(x$fpl$dadd)
    x$fpl$dadd                               0x0800476c   Section      336  daddsub_clz.o(x$fpl$dadd)
    _dadd1                                   0x0800477d   Thumb Code     0  daddsub_clz.o(x$fpl$dadd)
    $v0                                      0x080048bc   Number         0  ddiv.o(x$fpl$ddiv)
    x$fpl$ddiv                               0x080048bc   Section      692  ddiv.o(x$fpl$ddiv)
    ddiv_entry                               0x080048c3   Thumb Code     0  ddiv.o(x$fpl$ddiv)
    $v0                                      0x08004b70   Number         0  dfix.o(x$fpl$dfix)
    x$fpl$dfix                               0x08004b70   Section       94  dfix.o(x$fpl$dfix)
    $v0                                      0x08004bce   Number         0  dflt_clz.o(x$fpl$dflt)
    x$fpl$dflt                               0x08004bce   Section       46  dflt_clz.o(x$fpl$dflt)
    $v0                                      0x08004bfc   Number         0  dflt_clz.o(x$fpl$dfltu)
    x$fpl$dfltu                              0x08004bfc   Section       38  dflt_clz.o(x$fpl$dfltu)
    $v0                                      0x08004c24   Number         0  dmul.o(x$fpl$dmul)
    x$fpl$dmul                               0x08004c24   Section      340  dmul.o(x$fpl$dmul)
    $v0                                      0x08004d78   Number         0  dnaninf.o(x$fpl$dnaninf)
    x$fpl$dnaninf                            0x08004d78   Section      156  dnaninf.o(x$fpl$dnaninf)
    $v0                                      0x08004e14   Number         0  dretinf.o(x$fpl$dretinf)
    x$fpl$dretinf                            0x08004e14   Section       12  dretinf.o(x$fpl$dretinf)
    $v0                                      0x08004e20   Number         0  daddsub_clz.o(x$fpl$drsb)
    x$fpl$drsb                               0x08004e20   Section       22  daddsub_clz.o(x$fpl$drsb)
    $v0                                      0x08004e38   Number         0  daddsub_clz.o(x$fpl$dsub)
    x$fpl$dsub                               0x08004e38   Section      476  daddsub_clz.o(x$fpl$dsub)
    _dsub1                                   0x08004e49   Thumb Code     0  daddsub_clz.o(x$fpl$dsub)
    $v0                                      0x08005014   Number         0  f2d.o(x$fpl$f2d)
    x$fpl$f2d                                0x08005014   Section       86  f2d.o(x$fpl$f2d)
    $v0                                      0x0800506a   Number         0  fnaninf.o(x$fpl$fnaninf)
    x$fpl$fnaninf                            0x0800506a   Section      140  fnaninf.o(x$fpl$fnaninf)
    $v0                                      0x080050f6   Number         0  fpinit.o(x$fpl$fpinit)
    x$fpl$fpinit                             0x080050f6   Section       26  fpinit.o(x$fpl$fpinit)
    $v0                                      0x08005110   Number         0  fretinf.o(x$fpl$fretinf)
    x$fpl$fretinf                            0x08005110   Section       10  fretinf.o(x$fpl$fretinf)
    x$fpl$usenofp                            0x0800511a   Section        0  usenofp.o(x$fpl$usenofp)
    C                                        0x08005120   Data          48  cos_i.o(.constdata)
    .constdata                               0x08005120   Section       48  cos_i.o(.constdata)
    pio2s                                    0x08005150   Data          48  rred.o(.constdata)
    .constdata                               0x08005150   Section      204  rred.o(.constdata)
    twooverpi                                0x08005180   Data         156  rred.o(.constdata)
    S                                        0x08005220   Data          40  sin_i.o(.constdata)
    .constdata                               0x08005220   Section       40  sin_i.o(.constdata)
    .bss                                     0x20000020   Section       96  libspace.o(.bss)
    Heap_Mem                                 0x20000160   Data         512  startup_stm32g431xx.o(HEAP)
    HEAP                                     0x20000160   Section      512  startup_stm32g431xx.o(HEAP)
    Stack_Mem                                0x20000360   Data        1024  startup_stm32g431xx.o(STACK)
    STACK                                    0x20000360   Section     1024  startup_stm32g431xx.o(STACK)
    __initial_sp                             0x20000760   Data           0  startup_stm32g431xx.o(STACK)

    Global Symbols

    Symbol Name                              Value     Ov Type        Size  Object(Section)

    BuildAttributes$$THM_ISAv4$E$P$D$K$B$S$7EM$VFPi3$EXTD16$VFPS$VFMA$PE$A:L22UL41UL21$X:L11$S22US41US21$IEEE1$IW$~IW$USESV6$~STKCKD$USESV7$~SHL$OTIME$ROPI$IEEEX$EBA8$UX$STANDARDLIB$REQ8$PRES8$EABIv2 0x00000000   Number         0  anon$$obj.o ABSOLUTE
    __ARM_exceptions_init                     - Undefined Weak Reference
    __alloca_initialize                       - Undefined Weak Reference
    __arm_preinit_                            - Undefined Weak Reference
    __arm_relocate_pie_                       - Undefined Weak Reference
    __cpp_initialize__aeabi_                  - Undefined Weak Reference
    __cxa_finalize                            - Undefined Weak Reference
    __rt_locale                               - Undefined Weak Reference
    __sigvec_lookup                           - Undefined Weak Reference
    _atexit_init                              - Undefined Weak Reference
    _call_atexit_fns                          - Undefined Weak Reference
    _clock_init                               - Undefined Weak Reference
    _fp_trap_init                             - Undefined Weak Reference
    _fp_trap_shutdown                         - Undefined Weak Reference
    _get_lc_collate                           - Undefined Weak Reference
    _get_lc_ctype                             - Undefined Weak Reference
    _get_lc_monetary                          - Undefined Weak Reference
    _get_lc_numeric                           - Undefined Weak Reference
    _get_lc_time                              - Undefined Weak Reference
    _getenv_init                              - Undefined Weak Reference
    _handle_redirection                       - Undefined Weak Reference
    _init_alloc                               - Undefined Weak Reference
    _init_user_alloc                          - Undefined Weak Reference
    _initio                                   - Undefined Weak Reference
    _rand_init                                - Undefined Weak Reference
    _signal_finish                            - Undefined Weak Reference
    _signal_init                              - Undefined Weak Reference
    _terminate_alloc                          - Undefined Weak Reference
    _terminate_user_alloc                     - Undefined Weak Reference
    _terminateio                              - Undefined Weak Reference
    __Vectors_Size                           0x000001d8   Number         0  startup_stm32g431xx.o ABSOLUTE
    __Vectors                                0x08000000   Data           4  startup_stm32g431xx.o(RESET)
    __Vectors_End                            0x080001d8   Data           0  startup_stm32g431xx.o(RESET)
    __main                                   0x080001d9   Thumb Code     8  __main.o(!!!main)
    __scatterload                            0x080001e1   Thumb Code     0  __scatter.o(!!!scatter)
    __scatterload_rt2                        0x080001e1   Thumb Code    44  __scatter.o(!!!scatter)
    __scatterload_rt2_thumb_only             0x080001e1   Thumb Code     0  __scatter.o(!!!scatter)
    __scatterload_null                       0x080001ef   Thumb Code     0  __scatter.o(!!!scatter)
    __scatterload_copy                       0x08000215   Thumb Code    26  __scatter_copy.o(!!handler_copy)
    __scatterload_zeroinit                   0x08000231   Thumb Code    28  __scatter_zi.o(!!handler_zi)
    __rt_lib_init                            0x0800024d   Thumb Code     0  libinit.o(.ARM.Collect$$libinit$$00000000)
    __rt_lib_init_fp_1                       0x0800024f   Thumb Code     0  libinit2.o(.ARM.Collect$$libinit$$00000001)
    __rt_lib_init_alloca_1                   0x08000253   Thumb Code     0  libinit2.o(.ARM.Collect$$libinit$$00000030)
    __rt_lib_init_argv_1                     0x08000253   Thumb Code     0  libinit2.o(.ARM.Collect$$libinit$$0000002E)
    __rt_lib_init_atexit_1                   0x08000253   Thumb Code     0  libinit2.o(.ARM.Collect$$libinit$$0000001D)
    __rt_lib_init_clock_1                    0x08000253   Thumb Code     0  libinit2.o(.ARM.Collect$$libinit$$00000023)
    __rt_lib_init_cpp_1                      0x08000253   Thumb Code     0  libinit2.o(.ARM.Collect$$libinit$$00000034)
    __rt_lib_init_exceptions_1               0x08000253   Thumb Code     0  libinit2.o(.ARM.Collect$$libinit$$00000032)
    __rt_lib_init_fp_trap_1                  0x08000253   Thumb Code     0  libinit2.o(.ARM.Collect$$libinit$$00000021)
    __rt_lib_init_getenv_1                   0x08000253   Thumb Code     0  libinit2.o(.ARM.Collect$$libinit$$00000025)
    __rt_lib_init_heap_1                     0x08000253   Thumb Code     0  libinit2.o(.ARM.Collect$$libinit$$0000000C)
    __rt_lib_init_lc_collate_1               0x08000253   Thumb Code     0  libinit2.o(.ARM.Collect$$libinit$$00000013)
    __rt_lib_init_lc_ctype_1                 0x08000253   Thumb Code     0  libinit2.o(.ARM.Collect$$libinit$$00000015)
    __rt_lib_init_lc_monetary_1              0x08000253   Thumb Code     0  libinit2.o(.ARM.Collect$$libinit$$00000017)
    __rt_lib_init_lc_numeric_1               0x08000253   Thumb Code     0  libinit2.o(.ARM.Collect$$libinit$$00000019)
    __rt_lib_init_lc_time_1                  0x08000253   Thumb Code     0  libinit2.o(.ARM.Collect$$libinit$$0000001B)
    __rt_lib_init_preinit_1                  0x08000253   Thumb Code     0  libinit2.o(.ARM.Collect$$libinit$$00000006)
    __rt_lib_init_rand_1                     0x08000253   Thumb Code     0  libinit2.o(.ARM.Collect$$libinit$$00000010)
    __rt_lib_init_relocate_pie_1             0x08000253   Thumb Code     0  libinit2.o(.ARM.Collect$$libinit$$00000004)
    __rt_lib_init_return                     0x08000253   Thumb Code     0  libinit2.o(.ARM.Collect$$libinit$$00000035)
    __rt_lib_init_signal_1                   0x08000253   Thumb Code     0  libinit2.o(.ARM.Collect$$libinit$$0000001F)
    __rt_lib_init_stdio_1                    0x08000253   Thumb Code     0  libinit2.o(.ARM.Collect$$libinit$$00000027)
    __rt_lib_init_user_alloc_1               0x08000253   Thumb Code     0  libinit2.o(.ARM.Collect$$libinit$$0000000E)
    __rt_lib_shutdown                        0x08000255   Thumb Code     0  libshutdown.o(.ARM.Collect$$libshutdown$$00000000)
    __rt_lib_shutdown_cpp_1                  0x08000257   Thumb Code     0  libshutdown2.o(.ARM.Collect$$libshutdown$$00000002)
    __rt_lib_shutdown_fp_trap_1              0x08000257   Thumb Code     0  libshutdown2.o(.ARM.Collect$$libshutdown$$00000007)
    __rt_lib_shutdown_heap_1                 0x08000257   Thumb Code     0  libshutdown2.o(.ARM.Collect$$libshutdown$$0000000F)
    __rt_lib_shutdown_return                 0x08000257   Thumb Code     0  libshutdown2.o(.ARM.Collect$$libshutdown$$00000010)
    __rt_lib_shutdown_signal_1               0x08000257   Thumb Code     0  libshutdown2.o(.ARM.Collect$$libshutdown$$0000000A)
    __rt_lib_shutdown_stdio_1                0x08000257   Thumb Code     0  libshutdown2.o(.ARM.Collect$$libshutdown$$00000004)
    __rt_lib_shutdown_user_alloc_1           0x08000257   Thumb Code     0  libshutdown2.o(.ARM.Collect$$libshutdown$$0000000C)
    __rt_entry                               0x08000259   Thumb Code     0  __rtentry.o(.ARM.Collect$$rtentry$$00000000)
    __rt_entry_presh_1                       0x08000259   Thumb Code     0  __rtentry2.o(.ARM.Collect$$rtentry$$00000002)
    __rt_entry_sh                            0x08000259   Thumb Code     0  __rtentry4.o(.ARM.Collect$$rtentry$$00000004)
    __rt_entry_li                            0x0800025f   Thumb Code     0  __rtentry2.o(.ARM.Collect$$rtentry$$0000000A)
    __rt_entry_postsh_1                      0x0800025f   Thumb Code     0  __rtentry2.o(.ARM.Collect$$rtentry$$00000009)
    __rt_entry_main                          0x08000263   Thumb Code     0  __rtentry2.o(.ARM.Collect$$rtentry$$0000000D)
    __rt_entry_postli_1                      0x08000263   Thumb Code     0  __rtentry2.o(.ARM.Collect$$rtentry$$0000000C)
    __rt_exit                                0x0800026b   Thumb Code     0  rtexit.o(.ARM.Collect$$rtexit$$00000000)
    __rt_exit_ls                             0x0800026d   Thumb Code     0  rtexit2.o(.ARM.Collect$$rtexit$$00000003)
    __rt_exit_prels_1                        0x0800026d   Thumb Code     0  rtexit2.o(.ARM.Collect$$rtexit$$00000002)
    __rt_exit_exit                           0x08000271   Thumb Code     0  rtexit2.o(.ARM.Collect$$rtexit$$00000004)
    Reset_Handler                            0x08000279   Thumb Code     8  startup_stm32g431xx.o(.text)
    ADC1_2_IRQHandler                        0x08000293   Thumb Code     0  startup_stm32g431xx.o(.text)
    COMP1_2_3_IRQHandler                     0x08000293   Thumb Code     0  startup_stm32g431xx.o(.text)
    COMP4_IRQHandler                         0x08000293   Thumb Code     0  startup_stm32g431xx.o(.text)
    CORDIC_IRQHandler                        0x08000293   Thumb Code     0  startup_stm32g431xx.o(.text)
    CRS_IRQHandler                           0x08000293   Thumb Code     0  startup_stm32g431xx.o(.text)
    DMA1_Channel2_IRQHandler                 0x08000293   Thumb Code     0  startup_stm32g431xx.o(.text)
    DMA1_Channel3_IRQHandler                 0x08000293   Thumb Code     0  startup_stm32g431xx.o(.text)
    DMA1_Channel4_IRQHandler                 0x08000293   Thumb Code     0  startup_stm32g431xx.o(.text)
    DMA1_Channel5_IRQHandler                 0x08000293   Thumb Code     0  startup_stm32g431xx.o(.text)
    DMA1_Channel6_IRQHandler                 0x08000293   Thumb Code     0  startup_stm32g431xx.o(.text)
    DMA2_Channel1_IRQHandler                 0x08000293   Thumb Code     0  startup_stm32g431xx.o(.text)
    DMA2_Channel2_IRQHandler                 0x08000293   Thumb Code     0  startup_stm32g431xx.o(.text)
    DMA2_Channel3_IRQHandler                 0x08000293   Thumb Code     0  startup_stm32g431xx.o(.text)
    DMA2_Channel4_IRQHandler                 0x08000293   Thumb Code     0  startup_stm32g431xx.o(.text)
    DMA2_Channel5_IRQHandler                 0x08000293   Thumb Code     0  startup_stm32g431xx.o(.text)
    DMA2_Channel6_IRQHandler                 0x08000293   Thumb Code     0  startup_stm32g431xx.o(.text)
    DMAMUX_OVR_IRQHandler                    0x08000293   Thumb Code     0  startup_stm32g431xx.o(.text)
    EXTI0_IRQHandler                         0x08000293   Thumb Code     0  startup_stm32g431xx.o(.text)
    EXTI15_10_IRQHandler                     0x08000293   Thumb Code     0  startup_stm32g431xx.o(.text)
    EXTI1_IRQHandler                         0x08000293   Thumb Code     0  startup_stm32g431xx.o(.text)
    EXTI2_IRQHandler                         0x08000293   Thumb Code     0  startup_stm32g431xx.o(.text)
    EXTI3_IRQHandler                         0x08000293   Thumb Code     0  startup_stm32g431xx.o(.text)
    EXTI4_IRQHandler                         0x08000293   Thumb Code     0  startup_stm32g431xx.o(.text)
    EXTI9_5_IRQHandler                       0x08000293   Thumb Code     0  startup_stm32g431xx.o(.text)
    FDCAN1_IT0_IRQHandler                    0x08000293   Thumb Code     0  startup_stm32g431xx.o(.text)
    FDCAN1_IT1_IRQHandler                    0x08000293   Thumb Code     0  startup_stm32g431xx.o(.text)
    FLASH_IRQHandler                         0x08000293   Thumb Code     0  startup_stm32g431xx.o(.text)
    FMAC_IRQHandler                          0x08000293   Thumb Code     0  startup_stm32g431xx.o(.text)
    FPU_IRQHandler                           0x08000293   Thumb Code     0  startup_stm32g431xx.o(.text)
    I2C1_ER_IRQHandler                       0x08000293   Thumb Code     0  startup_stm32g431xx.o(.text)
    I2C1_EV_IRQHandler                       0x08000293   Thumb Code     0  startup_stm32g431xx.o(.text)
    I2C2_ER_IRQHandler                       0x08000293   Thumb Code     0  startup_stm32g431xx.o(.text)
    I2C2_EV_IRQHandler                       0x08000293   Thumb Code     0  startup_stm32g431xx.o(.text)
    I2C3_ER_IRQHandler                       0x08000293   Thumb Code     0  startup_stm32g431xx.o(.text)
    I2C3_EV_IRQHandler                       0x08000293   Thumb Code     0  startup_stm32g431xx.o(.text)
    LPTIM1_IRQHandler                        0x08000293   Thumb Code     0  startup_stm32g431xx.o(.text)
    LPUART1_IRQHandler                       0x08000293   Thumb Code     0  startup_stm32g431xx.o(.text)
    PVD_PVM_IRQHandler                       0x08000293   Thumb Code     0  startup_stm32g431xx.o(.text)
    RCC_IRQHandler                           0x08000293   Thumb Code     0  startup_stm32g431xx.o(.text)
    RNG_IRQHandler                           0x08000293   Thumb Code     0  startup_stm32g431xx.o(.text)
    RTC_Alarm_IRQHandler                     0x08000293   Thumb Code     0  startup_stm32g431xx.o(.text)
    RTC_TAMP_LSECSS_IRQHandler               0x08000293   Thumb Code     0  startup_stm32g431xx.o(.text)
    RTC_WKUP_IRQHandler                      0x08000293   Thumb Code     0  startup_stm32g431xx.o(.text)
    SAI1_IRQHandler                          0x08000293   Thumb Code     0  startup_stm32g431xx.o(.text)
    SPI1_IRQHandler                          0x08000293   Thumb Code     0  startup_stm32g431xx.o(.text)
    SPI2_IRQHandler                          0x08000293   Thumb Code     0  startup_stm32g431xx.o(.text)
    SPI3_IRQHandler                          0x08000293   Thumb Code     0  startup_stm32g431xx.o(.text)
    TIM1_BRK_TIM15_IRQHandler                0x08000293   Thumb Code     0  startup_stm32g431xx.o(.text)
    TIM1_CC_IRQHandler                       0x08000293   Thumb Code     0  startup_stm32g431xx.o(.text)
    TIM1_TRG_COM_TIM17_IRQHandler            0x08000293   Thumb Code     0  startup_stm32g431xx.o(.text)
    TIM1_UP_TIM16_IRQHandler                 0x08000293   Thumb Code     0  startup_stm32g431xx.o(.text)
    TIM2_IRQHandler                          0x08000293   Thumb Code     0  startup_stm32g431xx.o(.text)
    TIM3_IRQHandler                          0x08000293   Thumb Code     0  startup_stm32g431xx.o(.text)
    TIM4_IRQHandler                          0x08000293   Thumb Code     0  startup_stm32g431xx.o(.text)
    TIM6_DAC_IRQHandler                      0x08000293   Thumb Code     0  startup_stm32g431xx.o(.text)
    TIM7_IRQHandler                          0x08000293   Thumb Code     0  startup_stm32g431xx.o(.text)
    TIM8_BRK_IRQHandler                      0x08000293   Thumb Code     0  startup_stm32g431xx.o(.text)
    TIM8_CC_IRQHandler                       0x08000293   Thumb Code     0  startup_stm32g431xx.o(.text)
    TIM8_TRG_COM_IRQHandler                  0x08000293   Thumb Code     0  startup_stm32g431xx.o(.text)
    TIM8_UP_IRQHandler                       0x08000293   Thumb Code     0  startup_stm32g431xx.o(.text)
    UART4_IRQHandler                         0x08000293   Thumb Code     0  startup_stm32g431xx.o(.text)
    UCPD1_IRQHandler                         0x08000293   Thumb Code     0  startup_stm32g431xx.o(.text)
    USART1_IRQHandler                        0x08000293   Thumb Code     0  startup_stm32g431xx.o(.text)
    USART2_IRQHandler                        0x08000293   Thumb Code     0  startup_stm32g431xx.o(.text)
    USART3_IRQHandler                        0x08000293   Thumb Code     0  startup_stm32g431xx.o(.text)
    USBWakeUp_IRQHandler                     0x08000293   Thumb Code     0  startup_stm32g431xx.o(.text)
    USB_HP_IRQHandler                        0x08000293   Thumb Code     0  startup_stm32g431xx.o(.text)
    USB_LP_IRQHandler                        0x08000293   Thumb Code     0  startup_stm32g431xx.o(.text)
    WWDG_IRQHandler                          0x08000293   Thumb Code     0  startup_stm32g431xx.o(.text)
    __user_initial_stackheap                 0x08000295   Thumb Code     0  startup_stm32g431xx.o(.text)
    __aeabi_memclr4                          0x080002b9   Thumb Code     0  rt_memclr_w.o(.text)
    __aeabi_memclr8                          0x080002b9   Thumb Code     0  rt_memclr_w.o(.text)
    __rt_memclr_w                            0x080002b9   Thumb Code     0  rt_memclr_w.o(.text)
    _memset_w                                0x080002bd   Thumb Code    74  rt_memclr_w.o(.text)
    __use_two_region_memory                  0x08000307   Thumb Code     2  heapauxi.o(.text)
    __rt_heap_escrow$2region                 0x08000309   Thumb Code     2  heapauxi.o(.text)
    __rt_heap_expand$2region                 0x0800030b   Thumb Code     2  heapauxi.o(.text)
    __read_errno                             0x0800030d   Thumb Code    10  _rserrno.o(.text)
    __set_errno                              0x08000317   Thumb Code    12  _rserrno.o(.text)
    __aeabi_errno_addr                       0x08000325   Thumb Code     8  rt_errno_addr_intlibspace.o(.text)
    __errno$intlibspace                      0x08000325   Thumb Code     0  rt_errno_addr_intlibspace.o(.text)
    __rt_errno_addr$intlibspace              0x08000325   Thumb Code     0  rt_errno_addr_intlibspace.o(.text)
    __user_libspace                          0x0800032d   Thumb Code     8  libspace.o(.text)
    __user_perproc_libspace                  0x0800032d   Thumb Code     0  libspace.o(.text)
    __user_perthread_libspace                0x0800032d   Thumb Code     0  libspace.o(.text)
    __user_setup_stackheap                   0x08000335   Thumb Code    74  sys_stackheap_outer.o(.text)
    exit                                     0x0800037f   Thumb Code    18  exit.o(.text)
    _sys_exit                                0x08000391   Thumb Code     8  sys_exit.o(.text)
    __I$use$semihosting                      0x0800039d   Thumb Code     0  use_no_semi.o(.text)
    __use_no_semihosting_swi                 0x0800039d   Thumb Code     2  use_no_semi.o(.text)
    __semihosting_library_function           0x0800039f   Thumb Code     0  indicate_semi.o(.text)
    BusFault_Handler                         0x080003a1   Thumb Code     4  stm32g4xx_it.o(.text.BusFault_Handler)
    DMA1_Channel1_IRQHandler                 0x080003a5   Thumb Code    16  stm32g4xx_it.o(.text.DMA1_Channel1_IRQHandler)
    DebugMon_Handler                         0x08000465   Thumb Code     2  stm32g4xx_it.o(.text.DebugMon_Handler)
    DrawClockFace                            0x08000469   Thumb Code   880  main.o(.text.DrawClockFace)
    DrawHands                                0x080007d9   Thumb Code  1688  main.o(.text.DrawHands)
    Draw_Circle                              0x08000e71   Thumb Code   310  lcd.o(.text.Draw_Circle)
    Drawnum                                  0x08000fa9   Thumb Code   352  main.o(.text.Drawnum)
    Error_Handler                            0x08001109   Thumb Code    14  main.o(.text.Error_Handler)
    HAL_DMA_IRQHandler                       0x08001119   Thumb Code   342  stm32g4xx_hal_dma.o(.text.HAL_DMA_IRQHandler)
    HAL_DMA_Init                             0x08001271   Thumb Code   342  stm32g4xx_hal_dma.o(.text.HAL_DMA_Init)
    HAL_Delay                                0x080013c9   Thumb Code    66  stm32g4xx_hal.o(.text.HAL_Delay)
    HAL_GPIO_Init                            0x0800140d   Thumb Code   872  stm32g4xx_hal_gpio.o(.text.HAL_GPIO_Init)
    HAL_GPIO_WritePin                        0x08001775   Thumb Code    44  stm32g4xx_hal_gpio.o(.text.HAL_GPIO_WritePin)
    HAL_GetTick                              0x080017a1   Thumb Code    12  stm32g4xx_hal.o(.text.HAL_GetTick)
    HAL_IncTick                              0x080017ad   Thumb Code    26  stm32g4xx_hal.o(.text.HAL_IncTick)
    HAL_Init                                 0x080017c9   Thumb Code    48  stm32g4xx_hal.o(.text.HAL_Init)
    HAL_InitTick                             0x080017f9   Thumb Code   136  stm32g4xx_hal.o(.text.HAL_InitTick)
    HAL_MspInit                              0x08001881   Thumb Code    72  stm32g4xx_hal_msp.o(.text.HAL_MspInit)
    HAL_NVIC_EnableIRQ                       0x080018c9   Thumb Code    20  stm32g4xx_hal_cortex.o(.text.HAL_NVIC_EnableIRQ)
    HAL_NVIC_SetPriority                     0x080018dd   Thumb Code    46  stm32g4xx_hal_cortex.o(.text.HAL_NVIC_SetPriority)
    HAL_NVIC_SetPriorityGrouping             0x0800190d   Thumb Code    16  stm32g4xx_hal_cortex.o(.text.HAL_NVIC_SetPriorityGrouping)
    HAL_PWREx_ControlVoltageScaling          0x0800191d   Thumb Code   436  stm32g4xx_hal_pwr_ex.o(.text.HAL_PWREx_ControlVoltageScaling)
    HAL_PWREx_DisableUCPDDeadBattery         0x08001ad1   Thumb Code    18  stm32g4xx_hal_pwr_ex.o(.text.HAL_PWREx_DisableUCPDDeadBattery)
    HAL_RCC_ClockConfig                      0x08001ae5   Thumb Code   806  stm32g4xx_hal_rcc.o(.text.HAL_RCC_ClockConfig)
    HAL_RCC_GetSysClockFreq                  0x08001e0d   Thumb Code   252  stm32g4xx_hal_rcc.o(.text.HAL_RCC_GetSysClockFreq)
    HAL_RCC_OscConfig                        0x08001f09   Thumb Code  1974  stm32g4xx_hal_rcc.o(.text.HAL_RCC_OscConfig)
    HAL_SPI_Init                             0x080026c1   Thumb Code   332  stm32g4xx_hal_spi.o(.text.HAL_SPI_Init)
    HAL_SPI_MspInit                          0x0800280d   Thumb Code   210  spi.o(.text.HAL_SPI_MspInit)
    HAL_SPI_Transmit                         0x080028e1   Thumb Code   748  stm32g4xx_hal_spi.o(.text.HAL_SPI_Transmit)
    HAL_SYSTICK_Config                       0x08002bcd   Thumb Code    16  stm32g4xx_hal_cortex.o(.text.HAL_SYSTICK_Config)
    HardFault_Handler                        0x08002bdd   Thumb Code     4  stm32g4xx_it.o(.text.HardFault_Handler)
    LCD_Address_Set                          0x08002be1   Thumb Code    82  lcd_init.o(.text.LCD_Address_Set)
    LCD_DrawLine                             0x08002c35   Thumb Code   304  lcd.o(.text.LCD_DrawLine)
    LCD_DrawPoint                            0x08002d65   Thumb Code    44  lcd.o(.text.LCD_DrawPoint)
    LCD_Fill                                 0x08002d91   Thumb Code   144  lcd.o(.text.LCD_Fill)
    LCD_Init                                 0x08002e21   Thumb Code   446  lcd_init.o(.text.LCD_Init)
    LCD_ShowChar                             0x08002fe1   Thumb Code   554  lcd.o(.text.LCD_ShowChar)
    LCD_ShowIntNum                           0x0800320d   Thumb Code   320  lcd.o(.text.LCD_ShowIntNum)
    LCD_WR_DATA                              0x0800334d   Thumb Code    28  lcd_init.o(.text.LCD_WR_DATA)
    LCD_WR_DATA8                             0x08003369   Thumb Code    20  lcd_init.o(.text.LCD_WR_DATA8)
    LCD_WR_REG                               0x0800337d   Thumb Code    46  lcd_init.o(.text.LCD_WR_REG)
    LCD_Writ_Bus                             0x080033ad   Thumb Code    46  lcd_init.o(.text.LCD_Writ_Bus)
    MX_DMA_Init                              0x080033dd   Thumb Code    86  dma.o(.text.MX_DMA_Init)
    MX_GPIO_Init                             0x08003435   Thumb Code   120  gpio.o(.text.MX_GPIO_Init)
    MX_SPI1_Init                             0x080034ad   Thumb Code    86  spi.o(.text.MX_SPI1_Init)
    MemManage_Handler                        0x08003505   Thumb Code     4  stm32g4xx_it.o(.text.MemManage_Handler)
    NMI_Handler                              0x08003509   Thumb Code     4  stm32g4xx_it.o(.text.NMI_Handler)
    PendSV_Handler                           0x08003579   Thumb Code     2  stm32g4xx_it.o(.text.PendSV_Handler)
    SPI1_ReadWriteByte                       0x08003619   Thumb Code    40  spi.o(.text.SPI1_ReadWriteByte)
    SVC_Handler                              0x08003951   Thumb Code     2  stm32g4xx_it.o(.text.SVC_Handler)
    SysTick_Handler                          0x080039a9   Thumb Code   274  stm32g4xx_it.o(.text.SysTick_Handler)
    SystemClock_Config                       0x08003abd   Thumb Code   114  main.o(.text.SystemClock_Config)
    SystemInit                               0x08003b31   Thumb Code    18  system_stm32g4xx.o(.text.SystemInit)
    UsageFault_Handler                       0x08003b45   Thumb Code     4  stm32g4xx_it.o(.text.UsageFault_Handler)
    main                                     0x08003c09   Thumb Code   178  main.o(.text.main)
    mypow                                    0x08003cbd   Thumb Code    48  lcd.o(.text.mypow)
    __ARM_fpclassify                         0x08003ced   Thumb Code    48  fpclassify.o(i.__ARM_fpclassify)
    __hardfp_cos                             0x08003d21   Thumb Code   180  cos.o(i.__hardfp_cos)
    __hardfp_sin                             0x08003de9   Thumb Code   180  sin.o(i.__hardfp_sin)
    __ieee754_rem_pio2                       0x08003eb1   Thumb Code   938  rred.o(i.__ieee754_rem_pio2)
    __kernel_cos                             0x080042e9   Thumb Code   322  cos_i.o(i.__kernel_cos)
    __kernel_poly                            0x08004459   Thumb Code   248  poly.o(i.__kernel_poly)
    __kernel_sin                             0x08004551   Thumb Code   280  sin_i.o(i.__kernel_sin)
    __mathlib_dbl_infnan                     0x08004681   Thumb Code    20  dunder.o(i.__mathlib_dbl_infnan)
    __mathlib_dbl_invalid                    0x08004699   Thumb Code    24  dunder.o(i.__mathlib_dbl_invalid)
    __mathlib_dbl_underflow                  0x080046b9   Thumb Code    24  dunder.o(i.__mathlib_dbl_underflow)
    fabs                                     0x080046d9   Thumb Code    24  fabs.o(i.fabs)
    __aeabi_dneg                             0x080046f1   Thumb Code     0  basic.o(x$fpl$basic)
    _dneg                                    0x080046f1   Thumb Code     6  basic.o(x$fpl$basic)
    __aeabi_fneg                             0x080046f7   Thumb Code     0  basic.o(x$fpl$basic)
    _fneg                                    0x080046f7   Thumb Code     6  basic.o(x$fpl$basic)
    _dabs                                    0x080046fd   Thumb Code     6  basic.o(x$fpl$basic)
    _fabs                                    0x08004703   Thumb Code     6  basic.o(x$fpl$basic)
    __aeabi_d2f                              0x08004709   Thumb Code     0  d2f.o(x$fpl$d2f)
    _d2f                                     0x08004709   Thumb Code    98  d2f.o(x$fpl$d2f)
    __aeabi_dadd                             0x0800476d   Thumb Code     0  daddsub_clz.o(x$fpl$dadd)
    _dadd                                    0x0800476d   Thumb Code   332  daddsub_clz.o(x$fpl$dadd)
    __aeabi_ddiv                             0x080048bd   Thumb Code     0  ddiv.o(x$fpl$ddiv)
    _ddiv                                    0x080048bd   Thumb Code   556  ddiv.o(x$fpl$ddiv)
    __aeabi_d2iz                             0x08004b71   Thumb Code     0  dfix.o(x$fpl$dfix)
    _dfix                                    0x08004b71   Thumb Code    94  dfix.o(x$fpl$dfix)
    __aeabi_i2d                              0x08004bcf   Thumb Code     0  dflt_clz.o(x$fpl$dflt)
    _dflt                                    0x08004bcf   Thumb Code    46  dflt_clz.o(x$fpl$dflt)
    __aeabi_ui2d                             0x08004bfd   Thumb Code     0  dflt_clz.o(x$fpl$dfltu)
    _dfltu                                   0x08004bfd   Thumb Code    38  dflt_clz.o(x$fpl$dfltu)
    __aeabi_dmul                             0x08004c25   Thumb Code     0  dmul.o(x$fpl$dmul)
    _dmul                                    0x08004c25   Thumb Code   332  dmul.o(x$fpl$dmul)
    __fpl_dnaninf                            0x08004d79   Thumb Code   156  dnaninf.o(x$fpl$dnaninf)
    __fpl_dretinf                            0x08004e15   Thumb Code    12  dretinf.o(x$fpl$dretinf)
    __aeabi_drsub                            0x08004e21   Thumb Code     0  daddsub_clz.o(x$fpl$drsb)
    _drsb                                    0x08004e21   Thumb Code    22  daddsub_clz.o(x$fpl$drsb)
    __aeabi_dsub                             0x08004e39   Thumb Code     0  daddsub_clz.o(x$fpl$dsub)
    _dsub                                    0x08004e39   Thumb Code   472  daddsub_clz.o(x$fpl$dsub)
    __aeabi_f2d                              0x08005015   Thumb Code     0  f2d.o(x$fpl$f2d)
    _f2d                                     0x08005015   Thumb Code    86  f2d.o(x$fpl$f2d)
    __fpl_fnaninf                            0x0800506b   Thumb Code   140  fnaninf.o(x$fpl$fnaninf)
    _fp_init                                 0x080050f7   Thumb Code    26  fpinit.o(x$fpl$fpinit)
    __fplib_config_fpu_vfp                   0x0800510f   Thumb Code     0  fpinit.o(x$fpl$fpinit)
    __fplib_config_pureend_doubles           0x0800510f   Thumb Code     0  fpinit.o(x$fpl$fpinit)
    __fpl_fretinf                            0x08005111   Thumb Code    10  fretinf.o(x$fpl$fretinf)
    __I$use$fp                               0x0800511a   Number         0  usenofp.o(x$fpl$usenofp)
    AHBPrescTable                            0x08005248   Data          16  system_stm32g4xx.o(.rodata.AHBPrescTable)
    ascii_1206                               0x08005258   Data        1140  lcd.o(.rodata.ascii_1206)
    ascii_1608                               0x080056cc   Data        1520  lcd.o(.rodata.ascii_1608)
    ascii_2412                               0x08005cbc   Data        4560  lcd.o(.rodata.ascii_2412)
    ascii_3216                               0x08006e8c   Data        6080  lcd.o(.rodata.ascii_3216)
    Region$$Table$$Base                      0x0800864c   Number         0  anon$$obj.o(Region$$Table)
    Region$$Table$$Limit                     0x0800866c   Number         0  anon$$obj.o(Region$$Table)
    SystemCoreClock                          0x20000000   Data           4  system_stm32g4xx.o(.data.SystemCoreClock)
    h                                        0x20000004   Data           4  stm32g4xx_it.o(.data.h)
    old_h                                    0x20000008   Data           4  stm32g4xx_it.o(.data.old_h)
    old_s                                    0x2000000c   Data           4  stm32g4xx_it.o(.data.old_s)
    s                                        0x20000010   Data           4  stm32g4xx_it.o(.data.s)
    uwTickFreq                               0x20000014   Data           4  stm32g4xx_hal.o(.data.uwTickFreq)
    uwTickPrio                               0x20000018   Data           4  stm32g4xx_hal.o(.data.uwTickPrio)
    __libspace_start                         0x20000020   Data          96  libspace.o(.bss)
    Flag1sok                                 0x20000080   Data           4  stm32g4xx_it.o(.bss.Flag1sok)
    __temporary_stack_top$libspace           0x20000080   Data           0  libspace.o(.bss)
    counter                                  0x20000084   Data           4  stm32g4xx_it.o(.bss.counter)
    counter1                                 0x20000088   Data           4  stm32g4xx_it.o(.bss.counter1)
    hdma_spi1_tx                             0x2000008c   Data          96  spi.o(.bss.hdma_spi1_tx)
    hspi1                                    0x200000ec   Data         100  spi.o(.bss.hspi1)
    m                                        0x20000150   Data           4  stm32g4xx_it.o(.bss.m)
    old_m                                    0x20000154   Data           4  stm32g4xx_it.o(.bss.old_m)
    uwTick                                   0x20000158   Data           4  stm32g4xx_hal.o(.bss.uwTick)



==============================================================================

Memory Map of the image

  Image Entry point : 0x080001d9

  Load Region LR_IROM1 (Base: 0x08000000, Size: 0x00008690, Max: 0x00020000, ABSOLUTE)

    Execution Region ER_IROM1 (Exec base: 0x08000000, Load base: 0x08000000, Size: 0x0000866c, Max: 0x00020000, ABSOLUTE)

    Exec Addr    Load Addr    Size         Type   Attr      Idx    E Section Name        Object

    0x08000000   0x08000000   0x000001d8   Data   RO            3    RESET               startup_stm32g431xx.o
    0x080001d8   0x080001d8   0x00000008   Code   RO          913  * !!!main             c_w.l(__main.o)
    0x080001e0   0x080001e0   0x00000034   Code   RO         1169    !!!scatter          c_w.l(__scatter.o)
    0x08000214   0x08000214   0x0000001a   Code   RO         1171    !!handler_copy      c_w.l(__scatter_copy.o)
    0x0800022e   0x0800022e   0x00000002   PAD
    0x08000230   0x08000230   0x0000001c   Code   RO         1173    !!handler_zi        c_w.l(__scatter_zi.o)
    0x0800024c   0x0800024c   0x00000002   Code   RO         1034    .ARM.Collect$$libinit$$00000000  c_w.l(libinit.o)
    0x0800024e   0x0800024e   0x00000004   Code   RO         1037    .ARM.Collect$$libinit$$00000001  c_w.l(libinit2.o)
    0x08000252   0x08000252   0x00000000   Code   RO         1040    .ARM.Collect$$libinit$$00000004  c_w.l(libinit2.o)
    0x08000252   0x08000252   0x00000000   Code   RO         1042    .ARM.Collect$$libinit$$00000006  c_w.l(libinit2.o)
    0x08000252   0x08000252   0x00000000   Code   RO         1045    .ARM.Collect$$libinit$$0000000C  c_w.l(libinit2.o)
    0x08000252   0x08000252   0x00000000   Code   RO         1047    .ARM.Collect$$libinit$$0000000E  c_w.l(libinit2.o)
    0x08000252   0x08000252   0x00000000   Code   RO         1049    .ARM.Collect$$libinit$$00000010  c_w.l(libinit2.o)
    0x08000252   0x08000252   0x00000000   Code   RO         1052    .ARM.Collect$$libinit$$00000013  c_w.l(libinit2.o)
    0x08000252   0x08000252   0x00000000   Code   RO         1054    .ARM.Collect$$libinit$$00000015  c_w.l(libinit2.o)
    0x08000252   0x08000252   0x00000000   Code   RO         1056    .ARM.Collect$$libinit$$00000017  c_w.l(libinit2.o)
    0x08000252   0x08000252   0x00000000   Code   RO         1058    .ARM.Collect$$libinit$$00000019  c_w.l(libinit2.o)
    0x08000252   0x08000252   0x00000000   Code   RO         1060    .ARM.Collect$$libinit$$0000001B  c_w.l(libinit2.o)
    0x08000252   0x08000252   0x00000000   Code   RO         1062    .ARM.Collect$$libinit$$0000001D  c_w.l(libinit2.o)
    0x08000252   0x08000252   0x00000000   Code   RO         1064    .ARM.Collect$$libinit$$0000001F  c_w.l(libinit2.o)
    0x08000252   0x08000252   0x00000000   Code   RO         1066    .ARM.Collect$$libinit$$00000021  c_w.l(libinit2.o)
    0x08000252   0x08000252   0x00000000   Code   RO         1068    .ARM.Collect$$libinit$$00000023  c_w.l(libinit2.o)
    0x08000252   0x08000252   0x00000000   Code   RO         1070    .ARM.Collect$$libinit$$00000025  c_w.l(libinit2.o)
    0x08000252   0x08000252   0x00000000   Code   RO         1072    .ARM.Collect$$libinit$$00000027  c_w.l(libinit2.o)
    0x08000252   0x08000252   0x00000000   Code   RO         1076    .ARM.Collect$$libinit$$0000002E  c_w.l(libinit2.o)
    0x08000252   0x08000252   0x00000000   Code   RO         1078    .ARM.Collect$$libinit$$00000030  c_w.l(libinit2.o)
    0x08000252   0x08000252   0x00000000   Code   RO         1080    .ARM.Collect$$libinit$$00000032  c_w.l(libinit2.o)
    0x08000252   0x08000252   0x00000000   Code   RO         1082    .ARM.Collect$$libinit$$00000034  c_w.l(libinit2.o)
    0x08000252   0x08000252   0x00000002   Code   RO         1083    .ARM.Collect$$libinit$$00000035  c_w.l(libinit2.o)
    0x08000254   0x08000254   0x00000002   Code   RO         1105    .ARM.Collect$$libshutdown$$00000000  c_w.l(libshutdown.o)
    0x08000256   0x08000256   0x00000000   Code   RO         1120    .ARM.Collect$$libshutdown$$00000002  c_w.l(libshutdown2.o)
    0x08000256   0x08000256   0x00000000   Code   RO         1122    .ARM.Collect$$libshutdown$$00000004  c_w.l(libshutdown2.o)
    0x08000256   0x08000256   0x00000000   Code   RO         1125    .ARM.Collect$$libshutdown$$00000007  c_w.l(libshutdown2.o)
    0x08000256   0x08000256   0x00000000   Code   RO         1128    .ARM.Collect$$libshutdown$$0000000A  c_w.l(libshutdown2.o)
    0x08000256   0x08000256   0x00000000   Code   RO         1130    .ARM.Collect$$libshutdown$$0000000C  c_w.l(libshutdown2.o)
    0x08000256   0x08000256   0x00000000   Code   RO         1133    .ARM.Collect$$libshutdown$$0000000F  c_w.l(libshutdown2.o)
    0x08000256   0x08000256   0x00000002   Code   RO         1134    .ARM.Collect$$libshutdown$$00000010  c_w.l(libshutdown2.o)
    0x08000258   0x08000258   0x00000000   Code   RO          953    .ARM.Collect$$rtentry$$00000000  c_w.l(__rtentry.o)
    0x08000258   0x08000258   0x00000000   Code   RO          993    .ARM.Collect$$rtentry$$00000002  c_w.l(__rtentry2.o)
    0x08000258   0x08000258   0x00000006   Code   RO         1005    .ARM.Collect$$rtentry$$00000004  c_w.l(__rtentry4.o)
    0x0800025e   0x0800025e   0x00000000   Code   RO          995    .ARM.Collect$$rtentry$$00000009  c_w.l(__rtentry2.o)
    0x0800025e   0x0800025e   0x00000004   Code   RO          996    .ARM.Collect$$rtentry$$0000000A  c_w.l(__rtentry2.o)
    0x08000262   0x08000262   0x00000000   Code   RO          998    .ARM.Collect$$rtentry$$0000000C  c_w.l(__rtentry2.o)
    0x08000262   0x08000262   0x00000008   Code   RO          999    .ARM.Collect$$rtentry$$0000000D  c_w.l(__rtentry2.o)
    0x0800026a   0x0800026a   0x00000002   Code   RO         1035    .ARM.Collect$$rtexit$$00000000  c_w.l(rtexit.o)
    0x0800026c   0x0800026c   0x00000000   Code   RO         1085    .ARM.Collect$$rtexit$$00000002  c_w.l(rtexit2.o)
    0x0800026c   0x0800026c   0x00000004   Code   RO         1086    .ARM.Collect$$rtexit$$00000003  c_w.l(rtexit2.o)
    0x08000270   0x08000270   0x00000006   Code   RO         1087    .ARM.Collect$$rtexit$$00000004  c_w.l(rtexit2.o)
    0x08000276   0x08000276   0x00000002   PAD
    0x08000278   0x08000278   0x00000040   Code   RO            4    .text               startup_stm32g431xx.o
    0x080002b8   0x080002b8   0x0000004e   Code   RO          909    .text               c_w.l(rt_memclr_w.o)
    0x08000306   0x08000306   0x00000006   Code   RO          911    .text               c_w.l(heapauxi.o)
    0x0800030c   0x0800030c   0x00000016   Code   RO          954    .text               c_w.l(_rserrno.o)
    0x08000322   0x08000322   0x00000002   PAD
    0x08000324   0x08000324   0x00000008   Code   RO         1010    .text               c_w.l(rt_errno_addr_intlibspace.o)
    0x0800032c   0x0800032c   0x00000008   Code   RO         1022    .text               c_w.l(libspace.o)
    0x08000334   0x08000334   0x0000004a   Code   RO         1025    .text               c_w.l(sys_stackheap_outer.o)
    0x0800037e   0x0800037e   0x00000012   Code   RO         1027    .text               c_w.l(exit.o)
    0x08000390   0x08000390   0x0000000c   Code   RO         1095    .text               c_w.l(sys_exit.o)
    0x0800039c   0x0800039c   0x00000002   Code   RO         1110    .text               c_w.l(use_no_semi.o)
    0x0800039e   0x0800039e   0x00000000   Code   RO         1112    .text               c_w.l(indicate_semi.o)
    0x0800039e   0x0800039e   0x00000002   PAD
    0x080003a0   0x080003a0   0x00000004   Code   RO          165    .text.BusFault_Handler  stm32g4xx_it.o
    0x080003a4   0x080003a4   0x00000010   Code   RO          177    .text.DMA1_Channel1_IRQHandler  stm32g4xx_it.o
    0x080003b4   0x080003b4   0x00000074   Code   RO          649    .text.DMA_CalcDMAMUXChannelBaseAndMask  stm32g4xx_hal_dma.o
    0x08000428   0x08000428   0x0000003c   Code   RO          651    .text.DMA_CalcDMAMUXRequestGenBaseAndMask  stm32g4xx_hal_dma.o
    0x08000464   0x08000464   0x00000002   Code   RO          171    .text.DebugMon_Handler  stm32g4xx_it.o
    0x08000466   0x08000466   0x00000002   PAD
    0x08000468   0x08000468   0x00000370   Code   RO          105    .text.DrawClockFace  main.o
    0x080007d8   0x080007d8   0x00000698   Code   RO          107    .text.DrawHands     main.o
    0x08000e70   0x08000e70   0x00000136   Code   RO           19    .text.Draw_Circle   lcd.o
    0x08000fa6   0x08000fa6   0x00000002   PAD
    0x08000fa8   0x08000fa8   0x00000160   Code   RO          109    .text.Drawnum       main.o
    0x08001108   0x08001108   0x0000000e   Code   RO          115    .text.Error_Handler  main.o
    0x08001116   0x08001116   0x00000002   PAD
    0x08001118   0x08001118   0x00000156   Code   RO          667    .text.HAL_DMA_IRQHandler  stm32g4xx_hal_dma.o
    0x0800126e   0x0800126e   0x00000002   PAD
    0x08001270   0x08001270   0x00000156   Code   RO          647    .text.HAL_DMA_Init  stm32g4xx_hal_dma.o
    0x080013c6   0x080013c6   0x00000002   PAD
    0x080013c8   0x080013c8   0x00000042   Code   RO          351    .text.HAL_Delay     stm32g4xx_hal.o
    0x0800140a   0x0800140a   0x00000002   PAD
    0x0800140c   0x0800140c   0x00000368   Code   RO          599    .text.HAL_GPIO_Init  stm32g4xx_hal_gpio.o
    0x08001774   0x08001774   0x0000002c   Code   RO          605    .text.HAL_GPIO_WritePin  stm32g4xx_hal_gpio.o
    0x080017a0   0x080017a0   0x0000000c   Code   RO          343    .text.HAL_GetTick   stm32g4xx_hal.o
    0x080017ac   0x080017ac   0x0000001a   Code   RO          341    .text.HAL_IncTick   stm32g4xx_hal.o
    0x080017c6   0x080017c6   0x00000002   PAD
    0x080017c8   0x080017c8   0x00000030   Code   RO          331    .text.HAL_Init      stm32g4xx_hal.o
    0x080017f8   0x080017f8   0x00000088   Code   RO          333    .text.HAL_InitTick  stm32g4xx_hal.o
    0x08001880   0x08001880   0x00000048   Code   RO          196    .text.HAL_MspInit   stm32g4xx_hal_msp.o
    0x080018c8   0x080018c8   0x00000014   Code   RO          833    .text.HAL_NVIC_EnableIRQ  stm32g4xx_hal_cortex.o
    0x080018dc   0x080018dc   0x0000002e   Code   RO          825    .text.HAL_NVIC_SetPriority  stm32g4xx_hal_cortex.o
    0x0800190a   0x0800190a   0x00000002   PAD
    0x0800190c   0x0800190c   0x00000010   Code   RO          821    .text.HAL_NVIC_SetPriorityGrouping  stm32g4xx_hal_cortex.o
    0x0800191c   0x0800191c   0x000001b4   Code   RO          742    .text.HAL_PWREx_ControlVoltageScaling  stm32g4xx_hal_pwr_ex.o
    0x08001ad0   0x08001ad0   0x00000012   Code   RO          812    .text.HAL_PWREx_DisableUCPDDeadBattery  stm32g4xx_hal_pwr_ex.o
    0x08001ae2   0x08001ae2   0x00000002   PAD
    0x08001ae4   0x08001ae4   0x00000326   Code   RO          421    .text.HAL_RCC_ClockConfig  stm32g4xx_hal_rcc.o
    0x08001e0a   0x08001e0a   0x00000002   PAD
    0x08001e0c   0x08001e0c   0x000000fc   Code   RO          425    .text.HAL_RCC_GetSysClockFreq  stm32g4xx_hal_rcc.o
    0x08001f08   0x08001f08   0x000007b6   Code   RO          419    .text.HAL_RCC_OscConfig  stm32g4xx_hal_rcc.o
    0x080026be   0x080026be   0x00000002   PAD
    0x080026c0   0x080026c0   0x0000014c   Code   RO          204    .text.HAL_SPI_Init  stm32g4xx_hal_spi.o
    0x0800280c   0x0800280c   0x000000d2   Code   RO          144    .text.HAL_SPI_MspInit  spi.o
    0x080028de   0x080028de   0x00000002   PAD
    0x080028e0   0x080028e0   0x000002ec   Code   RO          212    .text.HAL_SPI_Transmit  stm32g4xx_hal_spi.o
    0x08002bcc   0x08002bcc   0x00000010   Code   RO          845    .text.HAL_SYSTICK_Config  stm32g4xx_hal_cortex.o
    0x08002bdc   0x08002bdc   0x00000004   Code   RO          161    .text.HardFault_Handler  stm32g4xx_it.o
    0x08002be0   0x08002be0   0x00000052   Code   RO           66    .text.LCD_Address_Set  lcd_init.o
    0x08002c32   0x08002c32   0x00000002   PAD
    0x08002c34   0x08002c34   0x00000130   Code   RO           15    .text.LCD_DrawLine  lcd.o
    0x08002d64   0x08002d64   0x0000002c   Code   RO           13    .text.LCD_DrawPoint  lcd.o
    0x08002d90   0x08002d90   0x00000090   Code   RO           11    .text.LCD_Fill      lcd.o
    0x08002e20   0x08002e20   0x000001be   Code   RO           68    .text.LCD_Init      lcd_init.o
    0x08002fde   0x08002fde   0x00000002   PAD
    0x08002fe0   0x08002fe0   0x0000022a   Code   RO           31    .text.LCD_ShowChar  lcd.o
    0x0800320a   0x0800320a   0x00000002   PAD
    0x0800320c   0x0800320c   0x00000140   Code   RO           37    .text.LCD_ShowIntNum  lcd.o
    0x0800334c   0x0800334c   0x0000001c   Code   RO           62    .text.LCD_WR_DATA   lcd_init.o
    0x08003368   0x08003368   0x00000014   Code   RO           60    .text.LCD_WR_DATA8  lcd_init.o
    0x0800337c   0x0800337c   0x0000002e   Code   RO           64    .text.LCD_WR_REG    lcd_init.o
    0x080033aa   0x080033aa   0x00000002   PAD
    0x080033ac   0x080033ac   0x0000002e   Code   RO           58    .text.LCD_Writ_Bus  lcd_init.o
    0x080033da   0x080033da   0x00000002   PAD
    0x080033dc   0x080033dc   0x00000056   Code   RO          134    .text.MX_DMA_Init   dma.o
    0x08003432   0x08003432   0x00000002   PAD
    0x08003434   0x08003434   0x00000078   Code   RO          126    .text.MX_GPIO_Init  gpio.o
    0x080034ac   0x080034ac   0x00000056   Code   RO          142    .text.MX_SPI1_Init  spi.o
    0x08003502   0x08003502   0x00000002   PAD
    0x08003504   0x08003504   0x00000004   Code   RO          163    .text.MemManage_Handler  stm32g4xx_it.o
    0x08003508   0x08003508   0x00000004   Code   RO          159    .text.NMI_Handler   stm32g4xx_it.o
    0x0800350c   0x0800350c   0x0000006c   Code   RO          831    .text.NVIC_EncodePriority  stm32g4xx_hal_cortex.o
    0x08003578   0x08003578   0x00000002   Code   RO          173    .text.PendSV_Handler  stm32g4xx_it.o
    0x0800357a   0x0800357a   0x00000002   PAD
    0x0800357c   0x0800357c   0x0000009c   Code   RO          423    .text.RCC_GetSysClockFreqFromPLLSource  stm32g4xx_hal_rcc.o
    0x08003618   0x08003618   0x00000028   Code   RO          148    .text.SPI1_ReadWriteByte  spi.o
    0x08003640   0x08003640   0x00000096   Code   RO          214    .text.SPI_EndRxTxTransaction  stm32g4xx_hal_spi.o
    0x080036d6   0x080036d6   0x00000002   PAD
    0x080036d8   0x080036d8   0x0000014c   Code   RO          270    .text.SPI_WaitFifoStateUntilTimeout  stm32g4xx_hal_spi.o
    0x08003824   0x08003824   0x0000012a   Code   RO          272    .text.SPI_WaitFlagStateUntilTimeout  stm32g4xx_hal_spi.o
    0x0800394e   0x0800394e   0x00000002   PAD
    0x08003950   0x08003950   0x00000002   Code   RO          169    .text.SVC_Handler   stm32g4xx_it.o
    0x08003952   0x08003952   0x00000002   PAD
    0x08003954   0x08003954   0x00000052   Code   RO          847    .text.SysTick_Config  stm32g4xx_hal_cortex.o
    0x080039a6   0x080039a6   0x00000002   PAD
    0x080039a8   0x080039a8   0x00000112   Code   RO          175    .text.SysTick_Handler  stm32g4xx_it.o
    0x08003aba   0x08003aba   0x00000002   PAD
    0x08003abc   0x08003abc   0x00000072   Code   RO          113    .text.SystemClock_Config  main.o
    0x08003b2e   0x08003b2e   0x00000002   PAD
    0x08003b30   0x08003b30   0x00000012   Code   RO          894    .text.SystemInit    system_stm32g4xx.o
    0x08003b42   0x08003b42   0x00000002   PAD
    0x08003b44   0x08003b44   0x00000004   Code   RO          167    .text.UsageFault_Handler  stm32g4xx_it.o
    0x08003b48   0x08003b48   0x00000030   Code   RO          835    .text.__NVIC_EnableIRQ  stm32g4xx_hal_cortex.o
    0x08003b78   0x08003b78   0x00000010   Code   RO          827    .text.__NVIC_GetPriorityGrouping  stm32g4xx_hal_cortex.o
    0x08003b88   0x08003b88   0x00000042   Code   RO          829    .text.__NVIC_SetPriority  stm32g4xx_hal_cortex.o
    0x08003bca   0x08003bca   0x00000002   PAD
    0x08003bcc   0x08003bcc   0x0000003c   Code   RO          823    .text.__NVIC_SetPriorityGrouping  stm32g4xx_hal_cortex.o
    0x08003c08   0x08003c08   0x000000b2   Code   RO          111    .text.main          main.o
    0x08003cba   0x08003cba   0x00000002   PAD
    0x08003cbc   0x08003cbc   0x00000030   Code   RO           35    .text.mypow         lcd.o
    0x08003cec   0x08003cec   0x00000030   Code   RO         1018    i.__ARM_fpclassify  m_wm.l(fpclassify.o)
    0x08003d1c   0x08003d1c   0x00000004   PAD
    0x08003d20   0x08003d20   0x000000c8   Code   RO          941    i.__hardfp_cos      m_wm.l(cos.o)
    0x08003de8   0x08003de8   0x000000c8   Code   RO          947    i.__hardfp_sin      m_wm.l(sin.o)
    0x08003eb0   0x08003eb0   0x00000438   Code   RO          984    i.__ieee754_rem_pio2  m_wm.l(rred.o)
    0x080042e8   0x080042e8   0x00000170   Code   RO          967    i.__kernel_cos      m_wm.l(cos_i.o)
    0x08004458   0x08004458   0x000000f8   Code   RO         1020    i.__kernel_poly     m_wm.l(poly.o)
    0x08004550   0x08004550   0x00000130   Code   RO          989    i.__kernel_sin      m_wm.l(sin_i.o)
    0x08004680   0x08004680   0x00000014   Code   RO          971    i.__mathlib_dbl_infnan  m_wm.l(dunder.o)
    0x08004694   0x08004694   0x00000004   PAD
    0x08004698   0x08004698   0x00000020   Code   RO          973    i.__mathlib_dbl_invalid  m_wm.l(dunder.o)
    0x080046b8   0x080046b8   0x00000020   Code   RO          976    i.__mathlib_dbl_underflow  m_wm.l(dunder.o)
    0x080046d8   0x080046d8   0x00000018   Code   RO         1014    i.fabs              m_wm.l(fabs.o)
    0x080046f0   0x080046f0   0x00000018   Code   RO          956    x$fpl$basic         fz_wm.l(basic.o)
    0x08004708   0x08004708   0x00000062   Code   RO          915    x$fpl$d2f           fz_wm.l(d2f.o)
    0x0800476a   0x0800476a   0x00000002   PAD
    0x0800476c   0x0800476c   0x00000150   Code   RO          917    x$fpl$dadd          fz_wm.l(daddsub_clz.o)
    0x080048bc   0x080048bc   0x000002b4   Code   RO          924    x$fpl$ddiv          fz_wm.l(ddiv.o)
    0x08004b70   0x08004b70   0x0000005e   Code   RO          927    x$fpl$dfix          fz_wm.l(dfix.o)
    0x08004bce   0x08004bce   0x0000002e   Code   RO          932    x$fpl$dflt          fz_wm.l(dflt_clz.o)
    0x08004bfc   0x08004bfc   0x00000026   Code   RO          931    x$fpl$dfltu         fz_wm.l(dflt_clz.o)
    0x08004c22   0x08004c22   0x00000002   PAD
    0x08004c24   0x08004c24   0x00000154   Code   RO          937    x$fpl$dmul          fz_wm.l(dmul.o)
    0x08004d78   0x08004d78   0x0000009c   Code   RO          958    x$fpl$dnaninf       fz_wm.l(dnaninf.o)
    0x08004e14   0x08004e14   0x0000000c   Code   RO          960    x$fpl$dretinf       fz_wm.l(dretinf.o)
    0x08004e20   0x08004e20   0x00000016   Code   RO          918    x$fpl$drsb          fz_wm.l(daddsub_clz.o)
    0x08004e36   0x08004e36   0x00000002   PAD
    0x08004e38   0x08004e38   0x000001dc   Code   RO          919    x$fpl$dsub          fz_wm.l(daddsub_clz.o)
    0x08005014   0x08005014   0x00000056   Code   RO          939    x$fpl$f2d           fz_wm.l(f2d.o)
    0x0800506a   0x0800506a   0x0000008c   Code   RO          962    x$fpl$fnaninf       fz_wm.l(fnaninf.o)
    0x080050f6   0x080050f6   0x0000001a   Code   RO         1093    x$fpl$fpinit        fz_wm.l(fpinit.o)
    0x08005110   0x08005110   0x0000000a   Code   RO          964    x$fpl$fretinf       fz_wm.l(fretinf.o)
    0x0800511a   0x0800511a   0x00000000   Code   RO          966    x$fpl$usenofp       fz_wm.l(usenofp.o)
    0x0800511a   0x0800511a   0x00000006   PAD
    0x08005120   0x08005120   0x00000030   Data   RO          968    .constdata          m_wm.l(cos_i.o)
    0x08005150   0x08005150   0x000000cc   Data   RO          986    .constdata          m_wm.l(rred.o)
    0x0800521c   0x0800521c   0x00000004   PAD
    0x08005220   0x08005220   0x00000028   Data   RO          990    .constdata          m_wm.l(sin_i.o)
    0x08005248   0x08005248   0x00000010   Data   RO          899    .rodata.AHBPrescTable  system_stm32g4xx.o
    0x08005258   0x08005258   0x00000474   Data   RO           43    .rodata.ascii_1206  lcd.o
    0x080056cc   0x080056cc   0x000005f0   Data   RO           44    .rodata.ascii_1608  lcd.o
    0x08005cbc   0x08005cbc   0x000011d0   Data   RO           45    .rodata.ascii_2412  lcd.o
    0x08006e8c   0x08006e8c   0x000017c0   Data   RO           46    .rodata.ascii_3216  lcd.o
    0x0800864c   0x0800864c   0x00000020   Data   RO         1168    Region$$Table       anon$$obj.o


    Execution Region RW_IRAM1 (Exec base: 0x20000000, Load base: 0x08008670, Size: 0x00000760, Max: 0x00008000, ABSOLUTE)

    Exec Addr    Load Addr    Size         Type   Attr      Idx    E Section Name        Object

    0x20000000   0x08008670   0x00000004   Data   RW          898    .data.SystemCoreClock  system_stm32g4xx.o
    0x20000004   0x08008674   0x00000004   Data   RW          181    .data.h             stm32g4xx_it.o
    0x20000008   0x08008678   0x00000004   Data   RW          182    .data.old_h         stm32g4xx_it.o
    0x2000000c   0x0800867c   0x00000004   Data   RW          184    .data.old_s         stm32g4xx_it.o
    0x20000010   0x08008680   0x00000004   Data   RW          179    .data.s             stm32g4xx_it.o
    0x20000014   0x08008684   0x00000004   Data   RW          408    .data.uwTickFreq    stm32g4xx_hal.o
    0x20000018   0x08008688   0x00000004   Data   RW          407    .data.uwTickPrio    stm32g4xx_hal.o
    0x2000001c   0x0800868c   0x00000004   PAD
    0x20000020        -       0x00000060   Zero   RW         1023    .bss                c_w.l(libspace.o)
    0x20000080        -       0x00000004   Zero   RW          188    .bss.Flag1sok       stm32g4xx_it.o
    0x20000084        -       0x00000004   Zero   RW          185    .bss.counter        stm32g4xx_it.o
    0x20000088        -       0x00000004   Zero   RW          186    .bss.counter1       stm32g4xx_it.o
    0x2000008c        -       0x00000060   Zero   RW          151    .bss.hdma_spi1_tx   spi.o
    0x200000ec        -       0x00000064   Zero   RW          150    .bss.hspi1          spi.o
    0x20000150        -       0x00000004   Zero   RW          180    .bss.m              stm32g4xx_it.o
    0x20000154        -       0x00000004   Zero   RW          183    .bss.old_m          stm32g4xx_it.o
    0x20000158        -       0x00000004   Zero   RW          409    .bss.uwTick         stm32g4xx_hal.o
    0x2000015c   0x0800868c   0x00000004   PAD
    0x20000160        -       0x00000200   Zero   RW            2    HEAP                startup_stm32g431xx.o
    0x20000360        -       0x00000400   Zero   RW            1    STACK               startup_stm32g431xx.o


==============================================================================

Image component sizes


      Code (inc. data)   RO Data    RW Data    ZI Data      Debug   Object Name

        86          0          0          0          0       3229   dma.o
       120          0          0          0          0       2259   gpio.o
      1724          0      13300          0          0       8648   lcd.o
       668          0          0          0          0       1882   lcd_init.o
      3226        224          0          0          0       3684   main.o
       336          0          0          0        196       5714   spi.o
        64         26        472          0       1536        832   startup_stm32g431xx.o
       288          0          0          8          4       8388   stm32g4xx_hal.o
       478          0          0          0          0       9123   stm32g4xx_hal_cortex.o
       860          0          0          0          0       7716   stm32g4xx_hal_dma.o
       916          0          0          0          0       5272   stm32g4xx_hal_gpio.o
        72          0          0          0          0       1609   stm32g4xx_hal_msp.o
       454          0          0          0          0       7763   stm32g4xx_hal_pwr_ex.o
      3188          0          0          0          0       9351   stm32g4xx_hal_rcc.o
      1860          0          0          0          0      21510   stm32g4xx_hal_spi.o
       316          0          0         16         20       1461   stm32g4xx_it.o
        18          0         16          4          0       2661   system_stm32g4xx.o

    ----------------------------------------------------------------------
     14732        250      13820         28       1764     101102   Object Totals
         0          0         32          0          0          0   (incl. Generated)
        58          0          0          0          8          0   (incl. Padding)

    ----------------------------------------------------------------------

      Code (inc. data)   RO Data    RW Data    ZI Data      Debug   Library Member Name

         8          0          0          0          0         68   __main.o
         0          0          0          0          0          0   __rtentry.o
        12          0          0          0          0          0   __rtentry2.o
         6          0          0          0          0          0   __rtentry4.o
        52          8          0          0          0          0   __scatter.o
        26          0          0          0          0          0   __scatter_copy.o
        28          0          0          0          0          0   __scatter_zi.o
        22          0          0          0          0        100   _rserrno.o
        18          0          0          0          0         80   exit.o
         6          0          0          0          0        152   heapauxi.o
         0          0          0          0          0          0   indicate_semi.o
         2          0          0          0          0          0   libinit.o
         6          0          0          0          0          0   libinit2.o
         2          0          0          0          0          0   libshutdown.o
         2          0          0          0          0          0   libshutdown2.o
         8          4          0          0         96         68   libspace.o
         8          4          0          0          0         68   rt_errno_addr_intlibspace.o
        78          0          0          0          0         80   rt_memclr_w.o
         2          0          0          0          0          0   rtexit.o
        10          0          0          0          0          0   rtexit2.o
        12          4          0          0          0         68   sys_exit.o
        74          0          0          0          0         80   sys_stackheap_outer.o
         2          0          0          0          0         68   use_no_semi.o
        24          0          0          0          0        164   basic.o
        98          4          0          0          0        140   d2f.o
       834         16          0          0          0        516   daddsub_clz.o
       692        140          0          0          0        264   ddiv.o
        94          4          0          0          0        140   dfix.o
        84          0          0          0          0        232   dflt_clz.o
       340         12          0          0          0        152   dmul.o
       156          4          0          0          0        140   dnaninf.o
        12          0          0          0          0        116   dretinf.o
        86          4          0          0          0        132   f2d.o
       140          4          0          0          0        132   fnaninf.o
        26          0          0          0          0        116   fpinit.o
        10          0          0          0          0        116   fretinf.o
         0          0          0          0          0          0   usenofp.o
       200         20          0          0          0        164   cos.o
       368         46         48          0          0        200   cos_i.o
        84         16          0          0          0        372   dunder.o
        24          0          0          0          0        124   fabs.o
        48          0          0          0          0        124   fpclassify.o
       248          0          0          0          0        152   poly.o
      1080        142        204          0          0        188   rred.o
       200         20          0          0          0        164   sin.o
       304         24         40          0          0        208   sin_i.o

    ----------------------------------------------------------------------
      5564        476        296          0         96       4888   Library Totals
        28          0          4          0          0          0   (incl. Padding)

    ----------------------------------------------------------------------

      Code (inc. data)   RO Data    RW Data    ZI Data      Debug   Library Name

       384         20          0          0         96        832   c_w.l
      2596        188          0          0          0       2360   fz_wm.l
      2556        268        292          0          0       1696   m_wm.l

    ----------------------------------------------------------------------
      5564        476        296          0         96       4888   Library Totals

    ----------------------------------------------------------------------

==============================================================================


      Code (inc. data)   RO Data    RW Data    ZI Data      Debug   

     20296        726      14116         28       1860     102878   Grand Totals
     20296        726      14116         28       1860     102878   ELF Image Totals
     20296        726      14116         28          0          0   ROM Totals

==============================================================================

    Total RO  Size (Code + RO Data)                34412 (  33.61kB)
    Total RW  Size (RW Data + ZI Data)              1888 (   1.84kB)
    Total ROM Size (Code + RO Data + RW Data)      34440 (  33.63kB)

==============================================================================

